Archive member included to satisfy reference by file (symbol)

./build/core.a(exception_vectors.o)
                              (call_user_start)
./build/core.a(esp_interrupts.o)
                              ./build/core.a(exception_vectors.o) (_xt_isr_handler)
./build/core.a(app_main.o)    ./build/core.a(exception_vectors.o) (sdk_user_start)
./build/core.a(sysparam.o)    ./build/core.a(app_main.o) (sysparam_init)
./build/core.a(phy_info.o)    ./build/core.a(app_main.o) (get_default_phy_info)
./build/core.a(esp_hwrand.o)  ./build/core.a(app_main.o) (hwrand)
./build/core.a(debug_dumps.o)
                              ./build/core.a(exception_vectors.o) (fatal_exception_handler)
./build/core.a(spiflash-cache-enable.o)
                              ./build/core.a(app_main.o) (Cache_Read_Enable)
./build/open_esplibs_libmain.a(user_interface.o)
                              ./build/core.a(app_main.o) (sdk_system_rtc_mem_write)
./build/open_esplibs_libmain.a(spi_flash.o)
                              ./build/core.a(app_main.o) (sdk_flashchip)
./build/open_esplibs_libmain.a(os_cpu_a.o)
                              ./build/core.a(exception_vectors.o) (sdk__xt_int_enter)
./build/open_esplibs_libmain.a(misc.o)
                              ./build/open_esplibs_libmain.a(user_interface.o) (sdk_os_get_cpu_frequency)
./build/open_esplibs_libmain.a(timers.o)
                              ./build/open_esplibs_libmain.a(user_interface.o) (sdk_os_timer_disarm)
./build/open_esplibs_libmain.a(xtensa_context.o)
                              ./build/open_esplibs_libmain.a(os_cpu_a.o) (sdk__xt_context_save)
/home/robert/proj/wc/esp-open-sdk/xtensa-lx106-elf/bin/../xtensa-lx106-elf/sysroot/usr/lib/libhal.a(clock.o)
                              ./build/open_esplibs_libmain.a(misc.o) (xthal_get_ccount)
/home/robert/proj/wc/esp-open-sdk/xtensa-lx106-elf/bin/../lib/gcc/xtensa-lx106-elf/4.8.5/libgcc.a(_udivsi3.o)
                              ./build/core.a(sysparam.o) (__udivsi3)
/home/robert/proj/wc/esp-open-sdk/xtensa-lx106-elf/bin/../lib/gcc/xtensa-lx106-elf/4.8.5/libgcc.a(_umodsi3.o)
                              ./build/core.a(sysparam.o) (__umodsi3)
/home/robert/proj/wc/esp-open-sdk/xtensa-lx106-elf/bin/../lib/gcc/xtensa-lx106-elf/4.8.5/libgcc.a(_divsf3.o)
                              ./build/core.a(phy_info.o) (__divsf3)
/home/robert/proj/wc/esp-open-sdk/xtensa-lx106-elf/bin/../lib/gcc/xtensa-lx106-elf/4.8.5/libgcc.a(_floatsisf.o)
                              ./build/core.a(phy_info.o) (__floatunsisf)
/home/robert/proj/wc/esp-open-sdk/xtensa-lx106-elf/bin/../lib/gcc/xtensa-lx106-elf/4.8.5/libgcc.a(_muldf3.o)
                              ./build/core.a(phy_info.o) (__muldf3)
/home/robert/proj/wc/esp-open-sdk/xtensa-lx106-elf/bin/../lib/gcc/xtensa-lx106-elf/4.8.5/libgcc.a(_floatsidf.o)
                              ./build/core.a(phy_info.o) (__floatsidf)
/home/robert/proj/wc/esp-open-sdk/xtensa-lx106-elf/bin/../lib/gcc/xtensa-lx106-elf/4.8.5/libgcc.a(_extendsfdf2.o)
                              ./build/core.a(phy_info.o) (__extendsfdf2)
../esp-open-rtos/libc/xtensa-lx106-elf/lib/libc.a(lib_a-impure.o)
                              ./build/core.a(app_main.o) (_impure_ptr)
../esp-open-rtos/libc/xtensa-lx106-elf/lib/libc.a(lib_a-malloc.o)
                              ./build/core.a(app_main.o) (malloc)
../esp-open-rtos/libc/xtensa-lx106-elf/lib/libc.a(lib_a-memcmp.o)
                              ./build/core.a(sysparam.o) (memcmp)
../esp-open-rtos/libc/xtensa-lx106-elf/lib/libc.a(lib_a-memcpy.o)
                              ./build/core.a(app_main.o) (memcpy)
../esp-open-rtos/libc/xtensa-lx106-elf/lib/libc.a(lib_a-memset.o)
                              ./build/core.a(app_main.o) (memset)
../esp-open-rtos/libc/xtensa-lx106-elf/lib/libc.a(lib_a-mstats.o)
                              ./build/core.a(debug_dumps.o) (mallinfo)
../esp-open-rtos/libc/xtensa-lx106-elf/lib/libc.a(lib_a-nano-freer.o)
                              ../esp-open-rtos/libc/xtensa-lx106-elf/lib/libc.a(lib_a-malloc.o) (_free_r)
../esp-open-rtos/libc/xtensa-lx106-elf/lib/libc.a(lib_a-nano-mallinfor.o)
                              ../esp-open-rtos/libc/xtensa-lx106-elf/lib/libc.a(lib_a-mstats.o) (_mallinfo_r)
../esp-open-rtos/libc/xtensa-lx106-elf/lib/libc.a(lib_a-nano-mallocr.o)
                              ../esp-open-rtos/libc/xtensa-lx106-elf/lib/libc.a(lib_a-nano-freer.o) (__malloc_free_list)
../esp-open-rtos/libc/xtensa-lx106-elf/lib/libc.a(lib_a-nano-malloptr.o)
                              ../esp-open-rtos/libc/xtensa-lx106-elf/lib/libc.a(lib_a-mstats.o) (_mallopt_r)
../esp-open-rtos/libc/xtensa-lx106-elf/lib/libc.a(lib_a-nano-mallstatsr.o)
                              ../esp-open-rtos/libc/xtensa-lx106-elf/lib/libc.a(lib_a-mstats.o) (_malloc_stats_r)
../esp-open-rtos/libc/xtensa-lx106-elf/lib/libc.a(lib_a-nano-vfprintf_float.o)
                              (_printf_float)
[...]
Memory Configuration

Name             Origin             Length             Attributes
dport0_0_seg     0x000000003ff00000 0x0000000000000010
dram0_0_seg      0x000000003ffe8000 0x0000000000014000
iram1_0_seg      0x0000000040100000 0x0000000000008000
irom0_0_seg      0x0000000040202010 0x00000000000fdff0
*default*        0x0000000000000000 0xffffffffffffffff

Linker script and memory map

START GROUP
LOAD ./build/program.a
LOAD ./build/i2s_dma.a
LOAD ./build/ws2812_i2s.a
LOAD ./build/sntp.a
LOAD ./build/dhcpserver.a
LOAD ./build/rboot-ota.a
LOAD ./build/mbedtls.a
LOAD ./build/freertos.a
LOAD ./build/lwip.a
LOAD ./build/core.a
LOAD ./build/open_esplibs.a
LOAD ./build/open_esplibs_libmain.a
LOAD /home/robert/proj/wc/esp-open-sdk/xtensa-lx106-elf/bin/../xtensa-lx106-elf/sysroot/usr/lib/libhal.a
LOAD /home/robert/proj/wc/esp-open-sdk/xtensa-lx106-elf/bin/../lib/gcc/xtensa-lx106-elf/4.8.5/libgcc.a
LOAD ../esp-open-rtos/libc/xtensa-lx106-elf/lib/libc.a
LOAD ./build/sdklib/libmain.a
LOAD ./build/sdklib/libnet80211.a
LOAD ./build/sdklib/libphy.a
LOAD ./build/sdklib/libpp.a
LOAD ./build/sdklib/libwpa.a
END GROUP
                0x0000000040106720                pvPortMalloc = malloc
                0x000000004010673c                vPortFree = free
                0x00000000401016d8                _lock_acquire = vPortEnterCritical
                0x00000000401016d8                _lock_acquire_recursive = vPortEnterCritical
                0x00000000401016d8                _lock_try_acquire = vPortEnterCritical
                0x00000000401016d8                _lock_try_acquire_recursive = vPortEnterCritical
                0x0000000040101700                _lock_release = vPortExitCritical
                0x0000000040101700                _lock_release_recursive = vPortExitCritical
                0x0000000040106cc8                ets_printf = printf
                [!provide]                        PROVIDE (_memmap_vecbase_reset, 0x40000000)
                0x0000000000000110                _memmap_cacheattr_wb_base = 0x110
                0x0000000000000110                _memmap_cacheattr_wt_base = 0x110
                0x0000000000000220                _memmap_cacheattr_bp_base = 0x220
                0x00000000fffff00f                _memmap_cacheattr_unused_mask = 0xfffff00f
                0x000000002222211f                _memmap_cacheattr_wb_trapnull = 0x2222211f
                0x000000002222211f                _memmap_cacheattr_wba_trapnull = 0x2222211f
                0x000000002222211f                _memmap_cacheattr_wbna_trapnull = 0x2222211f
                0x000000002222211f                _memmap_cacheattr_wt_trapnull = 0x2222211f
                0x000000002222222f                _memmap_cacheattr_bp_trapnull = 0x2222222f
                0x00000000fffff11f                _memmap_cacheattr_wb_strict = 0xfffff11f
                0x00000000fffff11f                _memmap_cacheattr_wt_strict = 0xfffff11f
                0x00000000fffff22f                _memmap_cacheattr_bp_strict = 0xfffff22f
                0x0000000022222112                _memmap_cacheattr_wb_allvalid = 0x22222112
                0x0000000022222112                _memmap_cacheattr_wt_allvalid = 0x22222112
                0x0000000022222222                _memmap_cacheattr_bp_allvalid = 0x22222222
                [!provide]                        PROVIDE (_memmap_cacheattr_reset, _memmap_cacheattr_wb_trapnull)

.dport0.rodata  0x000000003ff00000        0x0
                0x000000003ff00000                _dport0_rodata_start = ABSOLUTE (.)
 *(.dport0.rodata)
 *(.dport.rodata)
                0x000000003ff00000                _dport0_rodata_end = ABSOLUTE (.)

.dport0.literal
                0x000000003ff00000        0x0
                0x000000003ff00000                _dport0_literal_start = ABSOLUTE (.)
 *(.dport0.literal)
 *(.dport.literal)
                0x000000003ff00000                _dport0_literal_end = ABSOLUTE (.)

.dport0.data    0x000000003ff00000        0x0
                0x000000003ff00000                _dport0_data_start = ABSOLUTE (.)
 *(.dport0.data)
 *(.dport.data)
                0x000000003ff00000                _dport0_data_end = ABSOLUTE (.)

.text           0x0000000040100000     0x7c76
                0x0000000040100000                _stext = .
                0x0000000040100000                _text_start = ABSOLUTE (.)
                0x0000000040100000                . = ALIGN (0x10)
 *(.vecbase.text)
 .vecbase.text  0x0000000040100000      0x3b2 ./build/core.a(exception_vectors.o)
                0x0000000040100000                VecBase
                0x000000004010023c                call_user_start
                0x000000004010039e                _xt_user_exit
 *(.entry.text)
 *(.init.literal)
 *(.init)
 *(.iram1.*)
 *fill*         0x00000000401003b2        0x2 
 .iram1.text    0x00000000401003b4       0xa1 ./build/core.a(esp_interrupts.o)
                                         0xa5 (size before relaxing)
                0x00000000401003b8                _xt_isr_attach
                0x00000000401003cc                _xt_isr_handler
 *fill*         0x0000000040100455        0x3 
 .iram1.text    0x0000000040100458      0x2ef ./build/core.a(app_main.o)
                                        0x32f (size before relaxing)
                0x0000000040100484                vApplicationStackOverflowHook
                0x00000000401004b0                vApplicationIdleHook
                0x00000000401004d4                vApplicationTickHook
                0x0000000040100550                sdk_user_start
 *fill*         0x0000000040100747        0x1 
 .iram1.text    0x0000000040100748       0x94 ./build/core.a(sysparam.o)
                                         0xb8 (size before relaxing)
 .iram1.text    0x00000000401007dc       0x98 ./build/core.a(debug_dumps.o)
                                         0xa4 (size before relaxing)
                0x0000000040100834                debug_exception_handler
                0x0000000040100834                fatal_exception_handler
                0x0000000040100854                abort
 .iram1.text    0x0000000040100874       0x67 ./build/core.a(spiflash-cache-enable.o)
                                         0x7b (size before relaxing)
                0x0000000040100884                Cache_Read_Enable
 *fill*         0x00000000401008db        0x1 
 .iram1.text    0x00000000401008dc      0x199 ./build/open_esplibs_libmain.a(user_interface.o)
                                        0x1ad (size before relaxing)
                0x00000000401008e0                sdk_system_rtc_mem_write
                0x0000000040100940                sdk_system_rtc_mem_read
                0x00000000401009a8                sdk_system_restart_in_nmi
 *fill*         0x0000000040100a75        0x3 
 .iram1.text    0x0000000040100a78      0x394 ./build/open_esplibs_libmain.a(spi_flash.o)
                                        0x478 (size before relaxing)
                0x0000000040100a98                sdk_SPIReadModeCnfig
                0x0000000040100b14                sdk_SPIWrite
                0x0000000040100bd0                sdk_SPIRead
                0x0000000040100c00                sdk_SPIEraseSector
                0x0000000040100c5c                sdk_spi_flash_get_id
                0x0000000040100cb8                sdk_spi_flash_read_status
                0x0000000040100cf8                sdk_spi_flash_write_status
                0x0000000040100d34                sdk_spi_flash_erase_sector
                0x0000000040100d68                sdk_spi_flash_write
                0x0000000040100db8                sdk_spi_flash_read
 .iram1.text    0x0000000040100e0c      0x12d ./build/open_esplibs_libmain.a(os_cpu_a.o)
                                        0x175 (size before relaxing)
                0x0000000040100e10                vPortYield
                0x0000000040100e48                sdk__xt_int_enter
                0x0000000040100e60                sdk__xt_int_exit
                0x0000000040100e90                sdk__xt_timer_int
                0x0000000040100ecc                sdk__xt_timer_int1
                0x0000000040100ee0                sdk__xt_tick_timer_init
                0x0000000040100f0c                sdk__xt_isr_unmask
                0x0000000040100f1c                sdk__xt_isr_mask
                0x0000000040100f2c                sdk__xt_read_ints
                0x0000000040100f34                sdk__xt_clear_ints
 *fill*         0x0000000040100f39        0x3 
 .iram1.text    0x0000000040100f3c        0xb ./build/open_esplibs_libmain.a(misc.o)
                0x0000000040100f40                sdk_os_get_cpu_frequency
 *fill*         0x0000000040100f47        0x1 
 .iram1.text    0x0000000040100f48      0x26b ./build/freertos.a(queue.o)
                                        0x313 (size before relaxing)
                0x0000000040101094                xQueueGenericSend
                0x00000000401011ac                uxQueueMessagesWaitingFromISR
 *fill*         0x00000000401011b3        0x1 
 .iram1.text    0x00000000401011b4      0x4d1 ./build/freertos.a(tasks.o)
                                        0x5c8 (size before relaxing)
                0x000000004010122c                vTaskSuspendAll
                0x0000000040101250                xTaskIncrementTick
                0x00000000401013e8                xTaskResumeAll
                0x00000000401014d8                vTaskPlaceOnEventList
                0x0000000040101528                xTaskRemoveFromEventList
                0x0000000040101598                vTaskSetTimeOutState
                0x00000000401015b0                xTaskCheckForTimeOut
                0x0000000040101628                vTaskMissedYield
                0x0000000040101634                vTaskPriorityDisinherit
 *fill*         0x0000000040101685        0x3 
 .iram1.text    0x0000000040101688       0xd7 ./build/freertos.a(port.o)
                                         0xff (size before relaxing)
                0x0000000040101690                SV_ISR
                0x00000000401016d8                vPortEnterCritical
                0x0000000040101700                vPortExitCritical
                0x000000004010172c                PendSV
 *fill*         0x000000004010175f        0x1 
 .iram1.text    0x0000000040101760       0x78 ./build/core.a(esp_gpio_interrupts.o)
                0x0000000040101768                gpio_interrupt_handler
 .iram1.text    0x00000000401017d8       0x1b ./build/core.a(sdk_compat.o)
                0x00000000401017dc                zalloc
 *fill*         0x00000000401017f3        0x1 
 .iram1.text    0x00000000401017f4       0x34 ./build/core.a(newlib_syscalls.o)
                0x0000000040101800                _sbrk_r
 .iram1.text    0x0000000040101828       0x26 ./build/core.a(esp_iomux.o)
                0x000000004010182c                gpio_to_iomux
                0x0000000040101840                iomux_to_gpio
 *fill*         0x000000004010184e        0x0 
 *fill*         0x000000004010184e        0x0 
 *fill*         0x000000004010184e        0x2 
 .iram1.data    0x0000000040101850        0x4 ./build/core.a(debug_dumps.o)
 *fill*         0x0000000040101854        0x0 
 *fill*         0x0000000040101854        0x0 
 *fill*         0x0000000040101854        0x0 
 *fill*         0x0000000040101854        0x0 
 .iram1.text    0x0000000040101854       0x3d ./build/open_esplibs_libmain.a(xtensa_context.o)
                0x0000000040101854                sdk__xt_context_save
                0x0000000040101870                sdk__xt_context_restore
 *fill*         0x0000000040101891        0x3 
 .iram1.data    0x0000000040101894       0x20 ./build/ws2812_i2s.a(ws2812_i2s.o)
                0x0000000040101894                bitpatterns
 *fill*         0x00000000401018b4        0x0 
 .iram1.text    0x00000000401018b4       0x65 ./build/freertos.a(list.o)
                0x00000000401018b4                vListInsertEnd
                0x00000000401018cc                vListInsert
                0x00000000401018f8                uxListRemove
 *fill*         0x0000000040101919        0x0 
 *fill*         0x0000000040101919        0x0 
 *fill*         0x0000000040101919        0x0 
 *fill*         0x0000000040101919        0x3 
 .iram1.data    0x000000004010191c       0x80 ./build/core.a(esp_iomux.o)
 *sdklib*:*(.literal .text .literal.* .text.*)
 .text          0x000000004010199c       0x90 ./build/sdklib/libmain.a(ets_timer.o)
                                         0xa0 (size before relaxing)
 .text          0x0000000040101a2c        0xb ./build/sdklib/libnet80211.a(wl_chm.o)
                0x0000000040101a30                sdk_chm_get_current_channel
 *fill*         0x0000000040101a37        0x1 
 .text          0x0000000040101a38       0x4f ./build/sdklib/libphy.a(phy.o)
                                         0x53 (size before relaxing)
                0x0000000040101a40                sdk_register_phy_ops
                0x0000000040101a60                sdk_phy_change_channel
                0x0000000040101a7c                sdk_phy_get_mactime
 *fill*         0x0000000040101a87        0x1 
 .text          0x0000000040101a88       0xfb ./build/sdklib/libphy.a(phy_sleep.o)
                                        0x103 (size before relaxing)
                0x0000000040101a9c                sdk_pm_rtc_clock_cali
                0x0000000040101b58                sdk_clockgate_watchdog
 *fill*         0x0000000040101b83        0x1 
 .text          0x0000000040101b84       0x94 ./build/sdklib/libpp.a(esf_buf.o)
                                         0xb4 (size before relaxing)
                0x0000000040101b88                sdk_esf_rx_buf_alloc
 .text          0x0000000040101c18     0x14e4 ./build/sdklib/libpp.a(lmac.o)
                                       0x187c (size before relaxing)
                0x0000000040101c1c                sdk_lmacIsActive
                0x0000000040101c30                sdk_lmacIsIdle
                0x000000004010207c                sdk_lmacSetAcParam
                0x0000000040102118                sdk_lmacProcessTXStartData
                0x00000000401022c0                sdk_lmacProcessTxSuccess
                0x0000000040102408                sdk_GetAccess
                0x0000000040102414                sdk_lmacDiscardAgedMSDU
                0x0000000040102428                sdk_lmacRecycleMPDU
                0x0000000040102908                sdk_lmacProcessCollisions
                0x0000000040102964                sdk_lmacProcessCollision
                0x00000000401029e8                sdk_lmacMSDUAged
                0x0000000040102d6c                sdk_lmacProcessCtsTimeout
                0x0000000040102db4                sdk_lmacProcessAckTimeout
                0x0000000040102e08                sdk_lmacProcessRtsStart
                0x0000000040102e14                sdk_lmacProcessTxRtsError
                0x0000000040102eac                sdk_lmacProcessTxError
                0x0000000040102f30                sdk_lmacTxFrame
                0x00000000401030e4                sdk_lmacRxDone
 .text          0x00000000401030fc      0xe5c ./build/sdklib/libpp.a(pp.o)
                                       0x103c (size before relaxing)
                0x000000004010312c                sdk_pp_soft_wdt_feed
                0x0000000040103240                sdk_ppProcessTxQ
                0x0000000040103330                sdk_ppFetchTxQFirstAvail
                0x0000000040103370                sdk_ppDequeueTxQ
                0x0000000040103398                sdk_ppRollBackTxQ
                0x00000000401033bc                sdk_ppRecordBarRRC
                0x00000000401033cc                sdk_ppTxqUpdateBitmap
                0x00000000401033f0                sdk_ppEnqueueTxDone
                0x0000000040103424                sdk_ppEnqueueRxq
                0x0000000040103bec                sdk_ppDiscardMPDU
                0x0000000040103c1c                sdk_MacIsrSigPostDefHdl
                0x0000000040103d08                sdk_pp_post
                0x0000000040103e04                sdk_ppCalTxop
                0x0000000040103ee8                sdk_ppCalFrameTimes
 .text          0x0000000040103f58       0xf5 ./build/sdklib/libpp.a(rate_control.o)
                                        0x109 (size before relaxing)
                0x0000000040103f78                sdk_RC_GetAckRate
                0x0000000040103f84                sdk_RC_GetRtsRate
                0x0000000040103f94                sdk_RC_GetAckTime
                0x0000000040103fa8                sdk_RC_GetCtsTime
                0x0000000040103fe0                sdk_RC_GetBlockAckTime
 *fill*         0x000000004010404d        0x3 
 .text          0x0000000040104050      0x7f9 ./build/sdklib/libpp.a(trc.o)
                                        0x81d (size before relaxing)
                0x00000000401041c8                sdk_rcUpdateTxDone
                0x000000004010425c                sdk_rcUpdateRxDone
                0x00000000401042b8                sdk_rcUpdateDataRxDone
                0x00000000401042d0                sdk_rcGetSched
                0x0000000040104378                sdk_rcGetRate
                0x000000004010477c                sdk_rcReachRetryLimit
                0x0000000040104794                sdk_trc_NeedRTS
 *fill*         0x0000000040104849        0x3 
 .text          0x000000004010484c     0x114f ./build/sdklib/libpp.a(wdev.o)
                                       0x1473 (size before relaxing)
                0x0000000040104ba0                sdk_wDev_MacTimSetFunc
                0x0000000040104bc0                sdk_wDev_MacTimArm
                0x0000000040104c64                sdk_wDev_MacTim1Arm
                0x0000000040104d40                sdk_wDev_ProcessFiq
                0x00000000401050e4                sdk_wDev_EnableTransmit
                0x0000000040105128                sdk_wDev_DisableTransmit
                0x0000000040105148                sdk_Tx_Copy2Queue
                0x0000000040105190                sdk_wDev_ProcessCollision
                0x00000000401051b4                sdk_wDev_GetTxqCollisions
                0x00000000401051c4                sdk_wDev_ClearTxqCollisions
                0x00000000401051e0                sdk_wDev_SetWaitingQueue
                0x000000004010522c                sdk_wDev_ClearWaitingQueue
                0x000000004010524c                sdk_wDev_SetFrameAckType
                0x00000000401052b0                sdk_wDev_AppendRxBlocks
                0x0000000040105458                sdk_wDev_AppendRxAmpduLensBlocks
                0x0000000040105590                sdk_wDev_GetBAInfo
 *fill*         0x000000004010599b        0x1 
 .text          0x000000004010599c       0x25 ./build/sdklib/libnet80211.a(ieee80211_hostap.o)
 *fill*         0x00000000401059c1        0x0 
 *fill*         0x00000000401059c1        0x0 
 *fill*         0x00000000401059c1        0x3 
 .text          0x00000000401059c4        0x2 ./build/sdklib/libphy.a(phy_chip_v6.o)
                0x00000000401059c4                sdk_ram_tx_mac_disable
 *fill*         0x00000000401059c6        0x0 
 *fill*         0x00000000401059c6        0x0 
 *fill*         0x00000000401059c6        0x0 
 *fill*         0x00000000401059c6        0x0 
 *fill*         0x00000000401059c6        0x2 
 .text          0x00000000401059c8       0x11 ./build/sdklib/libwpa.a(wpa_auth.o)
 *libgcc.a:*i3.o(.literal .text .literal.* .text.*)
 *fill*         0x00000000401059d9        0x3 
 .literal       0x00000000401059dc        0x0 /home/robert/proj/wc/esp-open-sdk/xtensa-lx106-elf/bin/../lib/gcc/xtensa-lx106-elf/4.8.5/libgcc.a(_muldi3.o)
                                          0x4 (size before relaxing)
 .literal       0x00000000401059dc        0x0 /home/robert/proj/wc/esp-open-sdk/xtensa-lx106-elf/bin/../lib/gcc/xtensa-lx106-elf/4.8.5/libgcc.a(_divdi3.o)
                                         0x48 (size before relaxing)
 .literal       0x00000000401059dc        0x0 /home/robert/proj/wc/esp-open-sdk/xtensa-lx106-elf/bin/../lib/gcc/xtensa-lx106-elf/4.8.5/libgcc.a(_udivdi3.o)
                                         0x48 (size before relaxing)
 .literal       0x00000000401059dc        0x0 /home/robert/proj/wc/esp-open-sdk/xtensa-lx106-elf/bin/../lib/gcc/xtensa-lx106-elf/4.8.5/libgcc.a(_umoddi3.o)
                                         0x40 (size before relaxing)
 .literal       0x00000000401059dc        0x4 ../esp-open-rtos/libc/xtensa-lx106-elf/lib/libc.a(lib_a-malloc.o)
                                         0x10 (size before relaxing)
 .literal       0x00000000401059e0        0x8 ../esp-open-rtos/libc/xtensa-lx106-elf/lib/libc.a(lib_a-nano-mallocr.o)
                                         0x20 (size before relaxing)
 .literal       0x00000000401059e8        0x0 ../esp-open-rtos/libc/xtensa-lx106-elf/lib/libc.a(lib_a-nano-freer.o)
                                          0xc (size before relaxing)
 .literal       0x00000000401059e8       0x24 ../esp-open-rtos/libc/xtensa-lx106-elf/lib/libc.a(lib_a-rand.o)
                                         0x58 (size before relaxing)
 .literal       0x0000000040105a0c        0x4 ../esp-open-rtos/libc/xtensa-lx106-elf/lib/libc.a(lib_a-mlock.o)
                                         0x10 (size before relaxing)
 .literal       0x0000000040105a10        0x4 ../esp-open-rtos/libc/xtensa-lx106-elf/lib/libc.a(lib_a-tzlock.o)
                                         0x10 (size before relaxing)
 .literal       0x0000000040105a14        0x0 ../esp-open-rtos/libc/xtensa-lx106-elf/lib/libc.a(lib_a-printf.o)
                                         0x14 (size before relaxing)
 .literal       0x0000000040105a14        0x0 ../esp-open-rtos/libc/xtensa-lx106-elf/lib/libc.a(lib_a-snprintf.o)
                                          0xc (size before relaxing)
 .literal       0x0000000040105a14        0x0 ../esp-open-rtos/libc/xtensa-lx106-elf/lib/libc.a(lib_a-sprintf.o)
                                         0x14 (size before relaxing)
 .literal       0x0000000040105a14        0x0 ../esp-open-rtos/libc/xtensa-lx106-elf/lib/libc.a(lib_a-fprintf.o)
                                          0xc (size before relaxing)
 .literal       0x0000000040105a14       0x20 ../esp-open-rtos/libc/xtensa-lx106-elf/lib/libc.a(lib_a-nano-svfprintf.o)
                                         0x54 (size before relaxing)
 .literal       0x0000000040105a34       0x28 ../esp-open-rtos/libc/xtensa-lx106-elf/lib/libc.a(lib_a-nano-vfprintf.o)
                                         0x60 (size before relaxing)
 .literal       0x0000000040105a5c       0x34 ../esp-open-rtos/libc/xtensa-lx106-elf/lib/libc.a(lib_a-findfp.o)
                                         0x80 (size before relaxing)
 .literal       0x0000000040105a90        0x8 ../esp-open-rtos/libc/xtensa-lx106-elf/lib/libc.a(lib_a-fputwc.o)
                                         0x2c (size before relaxing)
 .text          0x0000000040105a98       0x36 /home/robert/proj/wc/esp-open-sdk/xtensa-lx106-elf/bin/../lib/gcc/xtensa-lx106-elf/4.8.5/libgcc.a(_muldi3.o)
                0x0000000040105a98                __muldi3
 *fill*         0x0000000040105ace        0x2 
 .text          0x0000000040105ad0      0x3eb /home/robert/proj/wc/esp-open-sdk/xtensa-lx106-elf/bin/../lib/gcc/xtensa-lx106-elf/4.8.5/libgcc.a(_divdi3.o)
                                        0x41b (size before relaxing)
                0x0000000040105ad0                __divdi3
 *fill*         0x0000000040105ebb        0x1 
 .text          0x0000000040105ebc      0x38d /home/robert/proj/wc/esp-open-sdk/xtensa-lx106-elf/bin/../lib/gcc/xtensa-lx106-elf/4.8.5/libgcc.a(_udivdi3.o)
                                        0x3b5 (size before relaxing)
                0x0000000040105ebc                __udivdi3
 *fill*         0x0000000040106249        0x3 
 .text          0x000000004010624c      0x33a /home/robert/proj/wc/esp-open-sdk/xtensa-lx106-elf/bin/../lib/gcc/xtensa-lx106-elf/4.8.5/libgcc.a(_umoddi3.o)
                                        0x366 (size before relaxing)
                0x000000004010624c                __umoddi3
 *fill*         0x0000000040106586        0x2 
 .text          0x0000000040106588       0x4c /home/robert/proj/wc/esp-open-sdk/xtensa-lx106-elf/bin/../lib/gcc/xtensa-lx106-elf/4.8.5/libgcc.a(_udivsi3.o)
                0x0000000040106588                __udivsi3
 .text          0x00000000401065d4       0x39 /home/robert/proj/wc/esp-open-sdk/xtensa-lx106-elf/bin/../lib/gcc/xtensa-lx106-elf/4.8.5/libgcc.a(_umodsi3.o)
                0x00000000401065d4                __umodsi3
 *fill*         0x000000004010660d        0x3 
 .text          0x0000000040106610       0x64 /home/robert/proj/wc/esp-open-sdk/xtensa-lx106-elf/bin/../lib/gcc/xtensa-lx106-elf/4.8.5/libgcc.a(_divsi3.o)
                0x0000000040106610                __divsi3
 .text          0x0000000040106674       0x49 /home/robert/proj/wc/esp-open-sdk/xtensa-lx106-elf/bin/../lib/gcc/xtensa-lx106-elf/4.8.5/libgcc.a(_modsi3.o)
                0x0000000040106674                __modsi3
 *fill*         0x00000000401066bd        0x3 
 .text          0x00000000401066c0       0x18 /home/robert/proj/wc/esp-open-sdk/xtensa-lx106-elf/bin/../lib/gcc/xtensa-lx106-elf/4.8.5/libgcc.a(_ashrdi3.o)
                0x00000000401066c0                __ashrdi3
 *fill*         0x00000000401066d8        0x0 
 *fill*         0x00000000401066d8        0x0 
 *fill*         0x00000000401066d8        0x0 
 *fill*         0x00000000401066d8        0x0 
 .text          0x00000000401066d8       0x48 /home/robert/proj/wc/esp-open-sdk/xtensa-lx106-elf/bin/../lib/gcc/xtensa-lx106-elf/4.8.5/libgcc.a(_umulsidi3.o)
                0x00000000401066d8                __umulsidi3
 *libc.a:*malloc.o(.literal .text .literal.* .text.*)
 .text          0x0000000040106720       0x35 ../esp-open-rtos/libc/xtensa-lx106-elf/lib/libc.a(lib_a-malloc.o)
                0x0000000040106720                malloc
                0x000000004010673c                free
 *libc.a:*mallocr.o(.literal .text .literal.* .text.*)
 *fill*         0x0000000040106755        0x3 
 .text          0x0000000040106758       0xed ../esp-open-rtos/libc/xtensa-lx106-elf/lib/libc.a(lib_a-nano-mallocr.o)
                                         0xf1 (size before relaxing)
                0x0000000040106758                _malloc_r
 *fill*         0x0000000040106845        0x0 
 *libc.a:*freer.o(.literal .text .literal.* .text.*)
 *fill*         0x0000000040106845        0x3 
 .text          0x0000000040106848       0xb1 ../esp-open-rtos/libc/xtensa-lx106-elf/lib/libc.a(lib_a-nano-freer.o)
                0x0000000040106848                _free_r
 *fill*         0x00000000401068f9        0x0 
 *libc.a:*memcpy.o(.literal .text .literal.* .text.*)
 *fill*         0x00000000401068f9        0x3 
 .text          0x00000000401068fc      0x145 ../esp-open-rtos/libc/xtensa-lx106-elf/lib/libc.a(lib_a-memcpy.o)
                0x0000000040106940                memcpy
 *libc.a:*memset.o(.literal .text .literal.* .text.*)
 *fill*         0x0000000040106a41        0x3 
 .text          0x0000000040106a44       0x7c ../esp-open-rtos/libc/xtensa-lx106-elf/lib/libc.a(lib_a-memset.o)
                0x0000000040106a70                memset
 *libc.a:*memcmp.o(.literal .text .literal.* .text.*)
 .text          0x0000000040106ac0       0x23 ../esp-open-rtos/libc/xtensa-lx106-elf/lib/libc.a(lib_a-memcmp.o)
                0x0000000040106ac0                memcmp
 *libc.a:*memmove.o(.literal .text .literal.* .text.*)
 *fill*         0x0000000040106ae3        0x1 
 .text          0x0000000040106ae4       0x3b ../esp-open-rtos/libc/xtensa-lx106-elf/lib/libc.a(lib_a-memmove.o)
                0x0000000040106ae4                memmove
 *libc.a:*rand.o(.literal .text .literal.* .text.*)
 *fill*         0x0000000040106b1f        0x1 
 .text          0x0000000040106b20       0xdd ../esp-open-rtos/libc/xtensa-lx106-elf/lib/libc.a(lib_a-rand.o)
                                         0xe1 (size before relaxing)
                0x0000000040106b20                srand
                0x0000000040106b84                rand
 *fill*         0x0000000040106bfd        0x0 
 *libc.a:*bzero.o(.literal .text .literal.* .text.*)
 *fill*         0x0000000040106bfd        0x3 
 .text          0x0000000040106c00       0x12 ../esp-open-rtos/libc/xtensa-lx106-elf/lib/libc.a(lib_a-bzero.o)
                0x0000000040106c00                bzero
 *libc.a:*lock.o(.literal .text .literal.* .text.*)
 *fill*         0x0000000040106c12        0x2 
 .text          0x0000000040106c14       0x2d ../esp-open-rtos/libc/xtensa-lx106-elf/lib/libc.a(lib_a-mlock.o)
                0x0000000040106c14                __malloc_lock
                0x0000000040106c2c                __malloc_unlock
 *fill*         0x0000000040106c41        0x3 
 .text          0x0000000040106c44       0x2d ../esp-open-rtos/libc/xtensa-lx106-elf/lib/libc.a(lib_a-tzlock.o)
                0x0000000040106c44                __tz_lock
                0x0000000040106c5c                __tz_unlock
 *fill*         0x0000000040106c71        0x3 
 .text          0x0000000040106c74        0x8 ../esp-open-rtos/libc/xtensa-lx106-elf/lib/libc.a(lock.o)
                0x0000000040106c74                _lock_close_recursive
                0x0000000040106c74                __dummy_lock
                0x0000000040106c74                _lock_init_recursive
                0x0000000040106c74                _lock_close
                0x0000000040106c74                _lock_init
                0x0000000040106c78                __dummy_lock_try
 *fill*         0x0000000040106c7c        0x0 
 *libc.a:*printf.o(.literal .text .literal.* .text.*)
 .text          0x0000000040106c7c       0x99 ../esp-open-rtos/libc/xtensa-lx106-elf/lib/libc.a(lib_a-printf.o)
                0x0000000040106c7c                _printf_r
                0x0000000040106c7c                _iprintf_r
                0x0000000040106cc8                printf
                0x0000000040106cc8                iprintf
 *fill*         0x0000000040106d15        0x3 
 .text          0x0000000040106d18      0x10c ../esp-open-rtos/libc/xtensa-lx106-elf/lib/libc.a(lib_a-snprintf.o)
                0x0000000040106d18                _sniprintf_r
                0x0000000040106d18                _snprintf_r
                0x0000000040106d9c                snprintf
                0x0000000040106d9c                sniprintf
 .text          0x0000000040106e24       0xb5 ../esp-open-rtos/libc/xtensa-lx106-elf/lib/libc.a(lib_a-sprintf.o)
                                         0xb9 (size before relaxing)
                0x0000000040106e24                _siprintf_r
                0x0000000040106e24                _sprintf_r
                0x0000000040106e7c                sprintf
                0x0000000040106e7c                siprintf
 *fill*         0x0000000040106ed9        0x3 
 .text          0x0000000040106edc       0x57 ../esp-open-rtos/libc/xtensa-lx106-elf/lib/libc.a(lib_a-fprintf.o)
                                         0x5b (size before relaxing)
                0x0000000040106edc                _fprintf_r
                0x0000000040106edc                _fiprintf_r
                0x0000000040106f00                fprintf
                0x0000000040106f00                fiprintf
 *fill*         0x0000000040106f33        0x1 
 .text          0x0000000040106f34      0x4b1 ../esp-open-rtos/libc/xtensa-lx106-elf/lib/libc.a(lib_a-nano-svfprintf.o)
                                        0x4b5 (size before relaxing)
                0x0000000040106f34                __ssputs_r
                0x000000004010702c                __ssprint_r
                0x0000000040107160                _svfprintf_r
                0x0000000040107160                _svfiprintf_r
 *fill*         0x00000000401073e5        0x3 
 .text          0x00000000401073e8      0x447 ../esp-open-rtos/libc/xtensa-lx106-elf/lib/libc.a(lib_a-nano-vfprintf.o)
                                        0x44b (size before relaxing)
                0x0000000040107420                __sfputs_r
                0x0000000040107490                __sprint_r
                0x0000000040107520                _vfiprintf_r
                0x0000000040107520                _vfprintf_r
                0x0000000040107808                vfiprintf
                0x0000000040107808                vfprintf
 *fill*         0x000000004010782f        0x0 
 *fill*         0x000000004010782f        0x0 
 *fill*         0x000000004010782f        0x0 
 *fill*         0x000000004010782f        0x0 
 *fill*         0x000000004010782f        0x0 
 *libc.a:*findfp.o(.literal .text .literal.* .text.*)
 *fill*         0x000000004010782f        0x1 
 .text          0x0000000040107830      0x2ae ../esp-open-rtos/libc/xtensa-lx106-elf/lib/libc.a(lib_a-findfp.o)
                                        0x2c6 (size before relaxing)
                0x0000000040107830                _cleanup_r
                0x00000000401078cc                __sfmoreglue
                0x0000000040107910                _cleanup
                0x0000000040107924                __sfp_lock_acquire
                0x000000004010793c                __sfp_lock_release
                0x0000000040107954                __sinit_lock_acquire
                0x000000004010796c                __sinit_lock_release
                0x0000000040107984                __sinit
                0x00000000401079f4                __sfp
                0x0000000040107aa0                __fp_lock_all
                0x0000000040107ac0                __fp_unlock_all
 *fill*         0x0000000040107ade        0x0 
 *libc.a:*fputwc.o(.literal .text .literal.* .text.*)
 *fill*         0x0000000040107ade        0x2 
 .text          0x0000000040107ae0      0x196 ../esp-open-rtos/libc/xtensa-lx106-elf/lib/libc.a(lib_a-fputwc.o)
                                        0x19e (size before relaxing)
                0x0000000040107ae0                __fputwc
                0x0000000040107bb0                _fputwc_r
                0x0000000040107c20                fputwc
 *fill*         0x0000000040107c76        0x0 
 *(.stub .gnu.warning .gnu.linkonce.literal.* .gnu.linkonce.t.*.literal .gnu.linkonce.t.*)
 *(.fini.literal)
 *(.fini)
 *(.gnu.version)
                0x0000000040107c76                _text_end = ABSOLUTE (.)
                0x0000000040107c76                _etext = .

.data           0x000000003ffe8000      0xb0a
                0x000000003ffe8000                _data_start = ABSOLUTE (.)
 *(.data)
 .data          0x000000003ffe8000        0x8 ./build/core.a(spiflash-cache-enable.o)
                0x000000003ffe8000                rboot_megabyte
 .data          0x000000003ffe8008       0xf4 ../esp-open-rtos/libc/xtensa-lx106-elf/lib/libc.a(lib_a-impure.o)
                0x000000003ffe8008                _impure_ptr
 .data          0x000000003ffe80fc        0x4 ../esp-open-rtos/libc/xtensa-lx106-elf/lib/libc.a(lib_a-ctype_.o)
                0x000000003ffe80fc                __ctype_ptr__
 .data          0x000000003ffe8100       0x7c ../esp-open-rtos/libc/xtensa-lx106-elf/lib/libc.a(lib_a-locale.o)
                0x000000003ffe8178                __mb_cur_max
 .data          0x000000003ffe817c        0x4 ../esp-open-rtos/libc/xtensa-lx106-elf/lib/libc.a(lib_a-wctomb_r.o)
                0x000000003ffe817c                __wctomb
 .data          0x000000003ffe8180        0x1 ./build/sdklib/libmain.a(user_interface.o)
 *fill*         0x000000003ffe8181        0x3 
 .data          0x000000003ffe8184      0x1a8 ./build/sdklib/libnet80211.a(ieee80211_phy.o)
 *fill*         0x000000003ffe832c        0x4 
 .data          0x000000003ffe8330        0x6 ./build/sdklib/libnet80211.a(ieee80211_proto.o)
                0x000000003ffe8330                sdk_ieee80211_addr_bcast
 *fill*         0x000000003ffe8336        0x2 
 .data          0x000000003ffe8338       0x1c ./build/sdklib/libnet80211.a(ieee80211_action.o)
 *fill*         0x000000003ffe8354        0xc 
 .data          0x000000003ffe8360       0x53 ./build/sdklib/libphy.a(phy_chip_v6.o)
                0x000000003ffe8362                sdk_tx_rf_ana_gain
                0x000000003ffe8384                sdk_tx_pwctrl_atten_init_en
                0x000000003ffe8390                sdk_rx_gain_swp
                0x000000003ffe83b0                sdk_test_rffreq_txcap
 *fill*         0x000000003ffe83b3        0xd 
 .data          0x000000003ffe83c0       0x90 ./build/sdklib/libphy.a(phy_chip_v6_cal.o)
                0x000000003ffe83c0                sdk_dpd_index
                0x000000003ffe8420                sdk_dpd_db2linear
 .data          0x000000003ffe8450        0x4 ./build/sdklib/libphy.a(phy_sleep.o)
                0x000000003ffe8450                sdk_chip_version
 .data          0x000000003ffe8454      0x11c ./build/sdklib/libphy.a(phy_chip_v5_romfunc.o)
                0x000000003ffe8454                sdk_g_phyFuns
                0x000000003ffe8458                sdk_g_phyFuns_instance
 .data          0x000000003ffe8570        0x7 ./build/sdklib/libphy.a(phy_chip_v5_cal_romfunc.o)
 *fill*         0x000000003ffe8577        0x1 
 .data          0x000000003ffe8578        0x1 ./build/sdklib/libpp.a(pm.o)
 *fill*         0x000000003ffe8579        0x3 
 .data          0x000000003ffe857c       0x10 ./build/sdklib/libpp.a(pp.o)
                0x000000003ffe857c                sdk_NoiseTimerInterval
                0x000000003ffe8584                sdk_sleep_start_wait_time
 *fill*         0x000000003ffe858c        0x4 
 .data          0x000000003ffe8590       0x40 ./build/sdklib/libpp.a(rate_control.o)
 .data          0x000000003ffe85d0      0x22c ./build/sdklib/libpp.a(trc.o)
 *fill*         0x000000003ffe87fc        0x4 
 .data          0x000000003ffe8800       0x10 ./build/sdklib/libpp.a(wdev.o)
 .data          0x000000003ffe8810       0x40 ../esp-open-rtos/libc/xtensa-lx106-elf/lib/libc.a(lib_a-gettzinfo.o)
 .data          0x000000003ffe8850       0x18 ./build/sdklib/libnet80211.a(ieee80211_crypto_ccmp.o)
                0x000000003ffe8850                sdk_ccmp
 .data          0x000000003ffe8868       0x18 ./build/sdklib/libnet80211.a(ieee80211_crypto_tkip.o)
                0x000000003ffe8868                sdk_tkip
 .data          0x000000003ffe8880       0x18 ./build/sdklib/libnet80211.a(ieee80211_crypto_wep.o)
                0x000000003ffe8880                sdk_wep
 *(.data.*)
 .data.sdk_dhcpc_flag
                0x000000003ffe8898        0x4 ./build/open_esplibs_libmain.a(user_interface.o)
                0x000000003ffe8898                sdk_dhcpc_flag
 .data.sdk_flashchip
                0x000000003ffe889c       0x18 ./build/open_esplibs_libmain.a(spi_flash.o)
                0x000000003ffe889c                sdk_flashchip
 .data.cpu_freq
                0x000000003ffe88b4        0x4 ./build/open_esplibs_libmain.a(misc.o)
 .data._age     0x000000003ffe88b8        0x4 ./build/program.a(hier_ben_ik.o)
                0x000000003ffe88b8                _age
 .data._dist    0x000000003ffe88bc        0x4 ./build/program.a(hier_ben_ik.o)
                0x000000003ffe88bc                _dist
 .data._ad      0x000000003ffe88c0       0x10 ./build/program.a(wificfg.o)
 .data.g_settings_default
                0x000000003ffe88d0       0x50 ./build/program.a(settings.o)
                0x000000003ffe88d0                g_settings_default
 .data._blueIdx
                0x000000003ffe8920        0x1 ./build/program.a(AddressableLedStrip.o)
 .data._greenIdx
                0x000000003ffe8921        0x1 ./build/program.a(AddressableLedStrip.o)
 .data.br$4633  0x000000003ffe8922        0x1 ./build/program.a(displaySettings.o)
 *fill*         0x000000003ffe8923        0x1 
 .data._aLdrLevels
                0x000000003ffe8924       0x14 ./build/program.a(displaySettings.o)
                0x000000003ffe8924                _aLdrLevels
 .data._minutesNames
                0x000000003ffe8938       0x50 ./build/program.a(clock_words.o)
                0x000000003ffe8938                _minutesNames
 .data._hourNames
                0x000000003ffe8988       0x34 ./build/program.a(clock_words.o)
                0x000000003ffe8988                _hourNames
 .data.counter$3700
                0x000000003ffe89bc        0x4 ./build/program.a(animations.o)
 .data.piece_list
                0x000000003ffe89c0       0x1c ./build/program.a(tetris_pieces.o)
                0x000000003ffe89c0                piece_list
 .data.z        0x000000003ffe89dc       0x28 ./build/program.a(tetris_pieces.o)
                0x000000003ffe89dc                z
 .data.t        0x000000003ffe8a04       0x28 ./build/program.a(tetris_pieces.o)
                0x000000003ffe8a04                t
 .data.s        0x000000003ffe8a2c       0x28 ./build/program.a(tetris_pieces.o)
                0x000000003ffe8a2c                s
 .data.o        0x000000003ffe8a54       0x28 ./build/program.a(tetris_pieces.o)
                0x000000003ffe8a54                o
 .data.l        0x000000003ffe8a7c       0x28 ./build/program.a(tetris_pieces.o)
                0x000000003ffe8a7c                l
 .data.j        0x000000003ffe8aa4       0x28 ./build/program.a(tetris_pieces.o)
                0x000000003ffe8aa4                j
 .data.i        0x000000003ffe8acc       0x28 ./build/program.a(tetris_pieces.o)
                0x000000003ffe8acc                i
 .data.sntp_update_delay
                0x000000003ffe8af4        0x4 ./build/sntp.a(sntp.o)
 .data.xNextTaskUnblockTime
                0x000000003ffe8af8        0x4 ./build/freertos.a(tasks.o)
 .data.iss$4710
                0x000000003ffe8afc        0x4 ./build/lwip.a(tcp.o)
 .data.tcp_port
                0x000000003ffe8b00        0x2 ./build/lwip.a(tcp.o)
 *fill*         0x000000003ffe8b02        0x2 
 .data.xid$3753
                0x000000003ffe8b04        0x4 ./build/lwip.a(dhcp.o)
 .data.udp_port
                0x000000003ffe8b08        0x2 ./build/lwip.a(udp.o)
 *(.gnu.linkonce.d.*)
 *(.data1)
 *(.sdata)
 *(.sdata.*)
 *(.gnu.linkonce.s.*)
 *(.sdata2)
 *(.sdata2.*)
 *(.gnu.linkonce.s2.*)
 *(.jcr)
                0x000000003ffe8b0a                _data_end = ABSOLUTE (.)

.rodata         0x000000003ffe8b10      0x8a7
                0x000000003ffe8b10                _rodata_start = ABSOLUTE (.)
 *core.a:*(.rodata.* .rodata)
 .rodata        0x000000003ffe8b10       0x1c ./build/core.a(exception_vectors.o)
 .rodata.str1.4
                0x000000003ffe8b2c      0x19f ./build/core.a(app_main.o)
 *fill*         0x000000003ffe8ccb        0x1 
 .rodata.CSWTCH$28
                0x000000003ffe8ccc       0x10 ./build/core.a(app_main.o)
 .rodata.CSWTCH$27
                0x000000003ffe8cdc       0x40 ./build/core.a(app_main.o)
 .rodata.str1.4
                0x000000003ffe8d1c      0x1cc ./build/core.a(debug_dumps.o)
 .rodata.gpio_interrupt_handlers
                0x000000003ffe8ee8       0x40 ./build/core.a(esp_gpio_interrupts.o)
                0x000000003ffe8ee8                gpio_interrupt_handlers
 *libc.a:*.o(.rodata.* .rodata)
 .rodata        0x000000003ffe8f28        0x4 ../esp-open-rtos/libc/xtensa-lx106-elf/lib/libc.a(lib_a-impure.o)
                0x000000003ffe8f28                _global_impure_ptr
 .rodata.str1.1
                0x000000003ffe8f2c        0x2 ../esp-open-rtos/libc/xtensa-lx106-elf/lib/libc.a(lib_a-impure.o)
 .rodata.str1.1
                0x000000003ffe8f2e       0x21 ../esp-open-rtos/libc/xtensa-lx106-elf/lib/libc.a(lib_a-mstats.o)
 .rodata.str1.1
                0x000000003ffe8f4f       0x4b ../esp-open-rtos/libc/xtensa-lx106-elf/lib/libc.a(lib_a-nano-mallstatsr.o)
 .rodata.str1.1
                0x000000003ffe8f9a       0x10 ../esp-open-rtos/libc/xtensa-lx106-elf/lib/libc.a(lib_a-nano-vfprintf_float.o)
                                         0x12 (size before relaxing)
 .rodata.str1.1
                0x000000003ffe8faa       0x22 ../esp-open-rtos/libc/xtensa-lx106-elf/lib/libc.a(lib_a-nano-vfprintf_i.o)
 .rodata.str1.1
                0x000000003ffe8fcc        0x5 ../esp-open-rtos/libc/xtensa-lx106-elf/lib/libc.a(lib_a-nano-vfscanf_float.o)
 .rodata.str1.1
                0x000000003ffe8fd1        0x5 ../esp-open-rtos/libc/xtensa-lx106-elf/lib/libc.a(lib_a-puts.o)
                                          0x2 (size before relaxing)
 .rodata.str1.1
                0x000000003ffe8fd1        0x5 ../esp-open-rtos/libc/xtensa-lx106-elf/lib/libc.a(lib_a-strtod.o)
                                          0xc (size before relaxing)
 *fill*         0x000000003ffe8fd1        0x7 
 .rodata        0x000000003ffe8fd8       0x70 ../esp-open-rtos/libc/xtensa-lx106-elf/lib/libc.a(lib_a-strtod.o)
 .rodata        0x000000003ffe9048      0x101 ../esp-open-rtos/libc/xtensa-lx106-elf/lib/libc.a(lib_a-ctype_.o)
                0x000000003ffe9048                _ctype_
 .rodata.str1.1
                0x000000003ffe9149        0xd ../esp-open-rtos/libc/xtensa-lx106-elf/lib/libc.a(lib_a-dtoa.o)
                                          0xf (size before relaxing)
 *fill*         0x000000003ffe9156        0x2 
 .rodata        0x000000003ffe9158       0x60 ../esp-open-rtos/libc/xtensa-lx106-elf/lib/libc.a(lib_a-findfp.o)
                0x000000003ffe9158                __sf_fake_stderr
                0x000000003ffe9178                __sf_fake_stdout
                0x000000003ffe9198                __sf_fake_stdin
 .rodata.str1.1
                0x000000003ffe91b8        0x8 ../esp-open-rtos/libc/xtensa-lx106-elf/lib/libc.a(lib_a-locale.o)
                                          0xb (size before relaxing)
 .rodata        0x000000003ffe91c0      0x128 ../esp-open-rtos/libc/xtensa-lx106-elf/lib/libc.a(lib_a-mprec.o)
                0x000000003ffe91d0                __mprec_tinytens
                0x000000003ffe91f8                __mprec_bigtens
                0x000000003ffe9220                __mprec_tens
 .rodata.str1.1
                0x000000003ffe92e8       0x11 ../esp-open-rtos/libc/xtensa-lx106-elf/lib/libc.a(lib_a-nano-svfprintf.o)
 .rodata.str1.1
                0x000000003ffe92f9       0x11 ../esp-open-rtos/libc/xtensa-lx106-elf/lib/libc.a(lib_a-nano-vfprintf.o)
 *fill*         0x000000003ffe92f9        0x3 
 .rodata        0x000000003ffe92fc       0x60 ../esp-open-rtos/libc/xtensa-lx106-elf/lib/libc.a(lib_a-month_lengths.o)
                0x000000003ffe92fc                __month_lengths
 .rodata.str1.1
                0x000000003ffe935c        0x4 ../esp-open-rtos/libc/xtensa-lx106-elf/lib/libc.a(lib_a-nano-svfscanf.o)
 .rodata.str1.1
                0x000000003ffe935c       0x1b ../esp-open-rtos/libc/xtensa-lx106-elf/lib/libc.a(lib_a-nano-vfscanf_i.o)
 *fill*         0x000000003ffe9377        0x1 
 .rodata        0x000000003ffe9378        0xc ../esp-open-rtos/libc/xtensa-lx106-elf/lib/libc.a(lib_a-nano-vfscanf_i.o)
 *freertos.a:*(.rodata.* .rodata)
 .rodata.str1.4
                0x000000003ffe9384        0x5 ./build/freertos.a(tasks.o)
 *fill*         0x000000003ffe9389        0x3 
 .rodata.ucExpectedStackBytes$3367
                0x000000003ffe938c       0x14 ./build/freertos.a(tasks.o)
 .rodata.str1.4
                0x000000003ffe93a0        0x8 ./build/freertos.a(timers.o)
 *libmain.a:spi_flash.o(.rodata.* .rodata)
 *libpp.a:wdev.o(.rodata.* .rodata)
 .rodata.str1.4
                0x000000003ffe93a8        0xf ./build/sdklib/libpp.a(wdev.o)
                0x000000003ffe93b7                _rodata_end = ABSOLUTE (.)

.bss            0x000000003ffe93b8     0x8c68
                0x000000003ffe93b8                . = ALIGN (0x8)
                0x000000003ffe93b8                _bss_start = ABSOLUTE (.)
 *(.dynsbss)
 *(.sbss)
 *(.sbss.*)
 *(.gnu.linkonce.sb.*)
 *(.scommon)
 *(.sbss2)
 *(.sbss2.*)
 *(.gnu.linkonce.sb2.*)
 *(.dynbss)
 *(.bss)
 *fill*         0x000000003ffe93b8        0x8 
 .bss           0x000000003ffe93c0      0x228 ./build/core.a(exception_vectors.o)
                0x000000003ffe95d4                debug_saved_ctx
 .bss           0x000000003ffe95e8       0x28 ../esp-open-rtos/libc/xtensa-lx106-elf/lib/libc.a(lib_a-nano-mallinfor.o)
                0x000000003ffe95e8                __malloc_current_mallinfo
 .bss           0x000000003ffe9610        0x8 ../esp-open-rtos/libc/xtensa-lx106-elf/lib/libc.a(lib_a-nano-mallocr.o)
                0x000000003ffe9610                __malloc_sbrk_start
                0x000000003ffe9614                __malloc_free_list
 .bss           0x000000003ffe9618        0x8 ../esp-open-rtos/libc/xtensa-lx106-elf/lib/libc.a(lib_a-findfp.o)
 .bss           0x000000003ffe9620        0x4 ../esp-open-rtos/libc/xtensa-lx106-elf/lib/libc.a(lib_a-mlock.o)
 *fill*         0x000000003ffe9624        0xc 
 .bss           0x000000003ffe9630       0x40 ./build/sdklib/libmain.a(ets_timer.o)
                0x000000003ffe9638                sdk_debug_timer
                0x000000003ffe963c                sdk_debug_timerfn
 .bss           0x000000003ffe9670      0x131 ./build/sdklib/libmain.a(user_interface.o)
 *fill*         0x000000003ffe97a1        0x3 
 .bss           0x000000003ffe97a4      0x54c ./build/sdklib/libnet80211.a(ieee80211.o)
                0x000000003ffe97a4                sdk_g_ic
                0x000000003ffe9cec                sdk_xieee80211Queue
 .bss           0x000000003ffe9cf0       0x28 ./build/sdklib/libnet80211.a(ieee80211_hostap.o)
                0x000000003ffe9d10                sdk_TmpSTAAPCloseAP
                0x000000003ffe9d11                sdk_PendFreeBcnEb
 .bss           0x000000003ffe9d18       0xe4 ./build/sdklib/libnet80211.a(ieee80211_scan.o)
                0x000000003ffe9d18                sdk_gScanStruct
                0x000000003ffe9ddc                sdk_auth_type
                0x000000003ffe9dde                sdk_scannum
 .bss           0x000000003ffe9dfc       0x44 ./build/sdklib/libnet80211.a(wl_chm.o)
 .bss           0x000000003ffe9e40      0x780 ./build/sdklib/libnet80211.a(wl_cnx.o)
                0x000000003ffea5a0                sdk_sta_con_timer
                0x000000003ffea5bc                sdk_g_cnx_probe_rc_list_cb
 .bss           0x000000003ffea5c0        0x4 ./build/sdklib/libphy.a(phy.o)
 *fill*         0x000000003ffea5c4        0xc 
 .bss           0x000000003ffea5d0      0x38b ./build/sdklib/libphy.a(phy_chip_v6.o)
                0x000000003ffea5d0                sdk_rxiq_compute_num
                0x000000003ffea5d4                sdk_rxdc_init_flag
                0x000000003ffea5d8                sdk_check_result
                0x000000003ffea5dc                sdk_chip6_sleep_params
                0x000000003ffea7b4                sdk_chip6_phy_init_ctrl
                0x000000003ffea822                sdk_phy_freq_offset
                0x000000003ffea824                sdk_do_pwctrl_flag
                0x000000003ffea825                sdk_pwctrl_debug
                0x000000003ffea826                sdk_txbk_dpdby_flag
                0x000000003ffea828                sdk_sw_scan_mode
                0x000000003ffea83c                sdk_periodic_cal_dc_num
                0x000000003ffea840                sdk_periodic_cal_flag
                0x000000003ffea841                sdk_bbpll_cal_flag
                0x000000003ffea842                sdk_deep_sleep_en
                0x000000003ffea848                sdk_noise_array
                0x000000003ffea950                sdk_tx_pwctrl_atten_init
 *fill*         0x000000003ffea95b        0x1 
 .bss           0x000000003ffea95c        0x6 ./build/sdklib/libphy.a(phy_chip_v6_cal.o)
                0x000000003ffea95c                sdk_loop_pwctrl_pwdet_error_accum_high_power
                0x000000003ffea95e                sdk_tx_pwctrl_pk_num
                0x000000003ffea95f                sdk_loop_pwctrl_correct_atten_high_power
                0x000000003ffea960                sdk_tx_pwctrl_set_chan_flag
                0x000000003ffea961                sdk_rxiq_cover_fail_num
 *fill*         0x000000003ffea962        0x2 
 .bss           0x000000003ffea964        0x4 ./build/sdklib/libphy.a(phy_sleep.o)
                0x000000003ffea964                sdk_periodic_cal_sat
                0x000000003ffea965                sdk_software_slp_reject
                0x000000003ffea966                sdk_SDIO_slp_reject
                0x000000003ffea967                sdk_hardware_reject
 *fill*         0x000000003ffea968        0x8 
 .bss           0x000000003ffea970     0x11e8 ./build/sdklib/libpp.a(esf_buf.o)
 *fill*         0x000000003ffebb58        0x8 
 .bss           0x000000003ffebb60       0x30 ./build/sdklib/libpp.a(if_hwctrl.o)
                0x000000003ffebb60                sdk_interface_mask
                0x000000003ffebb70                sdk_if_ctrl
 .bss           0x000000003ffebb90      0x150 ./build/sdklib/libpp.a(lmac.o)
                0x000000003ffebb94                sdk_lmacConfMib
 .bss           0x000000003ffebce0      0x149 ./build/sdklib/libpp.a(pm.o)
 *fill*         0x000000003ffebe29        0x7 
 .bss           0x000000003ffebe30      0x352 ./build/sdklib/libpp.a(pp.o)
                0x000000003ffebe58                sdk_pend_flag_noise_check
                0x000000003ffebe60                sdk_pend_flag_periodic_cal
                0x000000003ffebe84                sdk_dbg_stop_sw_wdt
                0x000000003ffebe85                sdk_dbg_stop_hw_wdt
 *fill*         0x000000003ffec182        0xe 
 .bss           0x000000003ffec190      0x100 ./build/sdklib/libpp.a(rate_control.o)
 .bss           0x000000003ffec290      0x268 ./build/sdklib/libpp.a(trc.o)
 *fill*         0x000000003ffec4f8        0x8 
 .bss           0x000000003ffec500     0x4721 ./build/sdklib/libpp.a(wdev.o)
                0x000000003ffec500                sdk_wDevCtrl
                0x000000003ffec6a4                sdk_NMIIrqIsOn
                0x000000003ffec6a8                sdk_WdevTimOffSet
 *fill*         0x000000003fff0c21        0xf 
 .bss           0x000000003fff0c30      0x27a ./build/sdklib/libwpa.a(wpa.o)
 *fill*         0x000000003fff0eaa        0x6 
 .bss           0x000000003fff0eb0       0xb0 ./build/sdklib/libwpa.a(aes-internal-dec.o)
 .bss           0x000000003fff0f60        0x4 ../esp-open-rtos/libc/xtensa-lx106-elf/lib/libc.a(lib_a-tzlock.o)
 .bss           0x000000003fff0f64        0x8 ../esp-open-rtos/libc/xtensa-lx106-elf/lib/libc.a(lib_a-tzvars.o)
                0x000000003fff0f64                _timezone
                0x000000003fff0f68                _daylight
 *fill*         0x000000003fff0f6c        0x4 
 .bss           0x000000003fff0f70        0x8 ./build/sdklib/libnet80211.a(ieee80211_crypto_tkip.o)
 *(.bss.*)
 .bss._sysparam_info
                0x000000003fff0f78       0x18 ./build/core.a(sysparam.o)
 .bss.armed_timer_count
                0x000000003fff0f90        0x1 ./build/open_esplibs_libmain.a(timers.o)
 *fill*         0x000000003fff0f91        0x3 
 .bss.timer_list
                0x000000003fff0f94        0x4 ./build/open_esplibs_libmain.a(timers.o)
 .bss._isInterrupted
                0x000000003fff0f98        0x1 ./build/program.a(esp_glue.o)
 *fill*         0x000000003fff0f99        0x3 
 .bss._nextMinuteTimer
                0x000000003fff0f9c        0x4 ./build/program.a(event_handler.o)
 .bss._buttonTimer
                0x000000003fff0fa0        0x4 ./build/program.a(event_handler.o)
 .bss._msgQueue
                0x000000003fff0fa4        0x4 ./build/program.a(event_handler.o)
 .bss.recv_buf$4642
                0x000000003fff0fa8      0x200 ./build/program.a(hier_ben_ik.o)
 .bss.addr$4635
                0x000000003fff11a8       0x10 ./build/program.a(hier_ben_ik.o)
 .bss.addrLen$4636
                0x000000003fff11b8        0x4 ./build/program.a(hier_ben_ik.o)
 .bss.mode$4057
                0x000000003fff11bc        0x4 ./build/program.a(buttons.o)
 .bss.lastButtonPress$4058
                0x000000003fff11c0        0x4 ./build/program.a(buttons.o)
 .bss._SetPixel
                0x000000003fff11c4        0x4 ./build/program.a(font.o)
 .bss.prevMin$4665
                0x000000003fff11c8        0x4 ./build/program.a(wordclock_main.o)
 .bss._networkMutex
                0x000000003fff11cc        0x4 ./build/program.a(wordclock_main.o)
 .bss._tz       0x000000003fff11d0        0x8 ./build/program.a(sntp_client.o)
 .bss.password$5706
                0x000000003fff11d8       0x32 ./build/program.a(wificfg.o)
 *fill*         0x000000003fff120a        0x2 
 .bss.ssid$5705
                0x000000003fff120c       0x32 ./build/program.a(wificfg.o)
 *fill*         0x000000003fff123e        0x2 
 .bss.g_storeTS
                0x000000003fff1240        0x4 ./build/program.a(settings.o)
 .bss._writeFunction
                0x000000003fff1244        0x4 ./build/program.a(AddressableLedStrip.o)
                0x000000003fff1244                _writeFunction
 .bss._cols     0x000000003fff1248        0x4 ./build/program.a(AddressableLedStrip.o)
 .bss._rows     0x000000003fff124c        0x4 ./build/program.a(AddressableLedStrip.o)
 .bss._flipCols
                0x000000003fff1250        0x1 ./build/program.a(AddressableLedStrip.o)
 .bss._redIdx   0x000000003fff1251        0x1 ./build/program.a(AddressableLedStrip.o)
 *fill*         0x000000003fff1252        0x2 
 .bss.lastMeasurementTicks$4635
                0x000000003fff1254        0x4 ./build/program.a(displaySettings.o)
 .bss.g_inNightMode
                0x000000003fff1258        0x1 ./build/program.a(displaySettings.o)
 *fill*         0x000000003fff1259        0x3 
 .bss._klockWords
                0x000000003fff125c        0x4 ./build/program.a(clock_words.o)
 .bss.hash_result$4547
                0x000000003fff1260       0x20 ./build/program.a(ota_basic.o)
 .bss.ctx$4546  0x000000003fff1280       0x6c ./build/program.a(ota_basic.o)
 .bss._isBusy   0x000000003fff12ec        0x1 ./build/program.a(ota_basic.o)
 *fill*         0x000000003fff12ed        0x3 
 .bss.g_message
                0x000000003fff12f0       0x3c ./build/program.a(animations.o)
 .bss.idx$1469  0x000000003fff132c        0x4 ./build/program.a(pacman.o)
 .bss.idx$1461  0x000000003fff1330        0x4 ./build/program.a(pacman.o)
 .bss.i2s_dma_processing
                0x000000003fff1334        0x1 ./build/ws2812_i2s.a(ws2812_i2s.o)
 *fill*         0x000000003fff1335        0x3 
 .bss.dma_buffer_size
                0x000000003fff1338        0x4 ./build/ws2812_i2s.a(ws2812_i2s.o)
 .bss.dma_buffer
                0x000000003fff133c        0x4 ./build/ws2812_i2s.a(ws2812_i2s.o)
 .bss.dma_block_list_size
                0x000000003fff1340        0x4 ./build/ws2812_i2s.a(ws2812_i2s.o)
 .bss.dma_block_list
                0x000000003fff1344        0x4 ./build/ws2812_i2s.a(ws2812_i2s.o)
 .bss.i2s_dma_zero_buf
                0x000000003fff1348       0x10 ./build/ws2812_i2s.a(ws2812_i2s.o)
 .bss.stz       0x000000003fff1358        0x8 ./build/sntp.a(sntp_fun.o)
 .bss._mutex    0x000000003fff1360        0x4 ./build/sntp.a(sntp_fun.o)
 .bss.lastUpdated
                0x000000003fff1364        0x4 ./build/sntp.a(sntp.o)
 .bss.sntp_retry_timeout
                0x000000003fff1368        0x4 ./build/sntp.a(sntp.o)
 .bss.sntp_current_server
                0x000000003fff136c        0x1 ./build/sntp.a(sntp.o)
 .bss.sntp_num_servers
                0x000000003fff136d        0x1 ./build/sntp.a(sntp.o)
 *fill*         0x000000003fff136e        0x2 
 .bss.sntp_server_addresses
                0x000000003fff1370       0x10 ./build/sntp.a(sntp.o)
 .bss.sntp_pcb  0x000000003fff1380        0x4 ./build/sntp.a(sntp.o)
 .bss._sntpServerAddress
                0x000000003fff1384        0x4 ./build/sntp.a(sntp.o)
 .bss._sntpAddrValid
                0x000000003fff1388        0x1 ./build/sntp.a(sntp.o)
 *fill*         0x000000003fff1389        0x3 
 .bss.ipbuf$4747
                0x000000003fff138c       0x10 ./build/dhcpserver.a(dhcpserver.o)
 .bss.state     0x000000003fff139c        0x4 ./build/dhcpserver.a(dhcpserver.o)
 .bss.dhcpserver_task_handle
                0x000000003fff13a0        0x4 ./build/dhcpserver.a(dhcpserver.o)
 .bss.uxTaskNumber
                0x000000003fff13a4        0x4 ./build/freertos.a(tasks.o)
 .bss.xNumOfOverflows
                0x000000003fff13a8        0x4 ./build/freertos.a(tasks.o)
 .bss.xYieldPending
                0x000000003fff13ac        0x4 ./build/freertos.a(tasks.o)
 .bss.uxPendedTicks
                0x000000003fff13b0        0x4 ./build/freertos.a(tasks.o)
 .bss.uxSchedulerSuspended
                0x000000003fff13b4        0x4 ./build/freertos.a(tasks.o)
 .bss.xSchedulerRunning
                0x000000003fff13b8        0x4 ./build/freertos.a(tasks.o)
 .bss.uxTopReadyPriority
                0x000000003fff13bc        0x4 ./build/freertos.a(tasks.o)
 .bss.xTickCount
                0x000000003fff13c0        0x4 ./build/freertos.a(tasks.o)
 .bss.uxCurrentNumberOfTasks
                0x000000003fff13c4        0x4 ./build/freertos.a(tasks.o)
 .bss.xIdleTaskHandle
                0x000000003fff13c8        0x4 ./build/freertos.a(tasks.o)
 .bss.xSuspendedTaskList
                0x000000003fff13cc       0x14 ./build/freertos.a(tasks.o)
 .bss.uxTasksDeleted
                0x000000003fff13e0        0x4 ./build/freertos.a(tasks.o)
 .bss.xTasksWaitingTermination
                0x000000003fff13e4       0x14 ./build/freertos.a(tasks.o)
 .bss.xPendingReadyList
                0x000000003fff13f8       0x14 ./build/freertos.a(tasks.o)
 .bss.pxOverflowDelayedTaskList
                0x000000003fff140c        0x4 ./build/freertos.a(tasks.o)
 .bss.pxDelayedTaskList
                0x000000003fff1410        0x4 ./build/freertos.a(tasks.o)
 .bss.xDelayedTaskList2
                0x000000003fff1414       0x14 ./build/freertos.a(tasks.o)
 .bss.xDelayedTaskList1
                0x000000003fff1428       0x14 ./build/freertos.a(tasks.o)
 .bss.pxReadyTasksLists
                0x000000003fff143c      0x12c ./build/freertos.a(tasks.o)
 .bss.pxCurrentTCB
                0x000000003fff1568        0x4 ./build/freertos.a(tasks.o)
                0x000000003fff1568                pxCurrentTCB
 .bss.xLastTime$3234
                0x000000003fff156c        0x4 ./build/freertos.a(timers.o)
 .bss.xTimerTaskHandle
                0x000000003fff1570        0x4 ./build/freertos.a(timers.o)
 .bss.xTimerQueue
                0x000000003fff1574        0x4 ./build/freertos.a(timers.o)
 .bss.pxOverflowTimerList
                0x000000003fff1578        0x4 ./build/freertos.a(timers.o)
 .bss.pxCurrentTimerList
                0x000000003fff157c        0x4 ./build/freertos.a(timers.o)
 .bss.xActiveTimerList2
                0x000000003fff1580       0x14 ./build/freertos.a(timers.o)
 .bss.xActiveTimerList1
                0x000000003fff1594       0x14 ./build/freertos.a(timers.o)
 .bss.uxCriticalNesting
                0x000000003fff15a8        0x4 ./build/freertos.a(port.o)
 .bss.pending_maclayer_sv
                0x000000003fff15ac        0x4 ./build/freertos.a(port.o)
 .bss.pending_soft_sv
                0x000000003fff15b0        0x4 ./build/freertos.a(port.o)
 .bss.mbox      0x000000003fff15b4        0x4 ./build/lwip.a(tcpip.o)
 .bss.tcpip_init_done_arg
                0x000000003fff15b8        0x4 ./build/lwip.a(tcpip.o)
 .bss.tcpip_init_done
                0x000000003fff15bc        0x4 ./build/lwip.a(tcpip.o)
 .bss.select_cb_ctr
                0x000000003fff15c0        0x4 ./build/lwip.a(sockets.o)
 .bss.select_cb_list
                0x000000003fff15c4        0x4 ./build/lwip.a(sockets.o)
 .bss.sockets   0x000000003fff15c8       0x60 ./build/lwip.a(sockets.o)
 .bss.tcp_timer_ctr
                0x000000003fff1628        0x1 ./build/lwip.a(tcp.o)
 .bss.tcp_timer
                0x000000003fff1629        0x1 ./build/lwip.a(tcp.o)
 *fill*         0x000000003fff162a        0x2 
 .bss.dns_payload
                0x000000003fff162c        0x4 ./build/lwip.a(dns.o)
 .bss.dns_payload_buffer
                0x000000003fff1630      0x203 ./build/lwip.a(dns.o)
 *fill*         0x000000003fff1833        0x1 
 .bss.dns_servers
                0x000000003fff1834        0x8 ./build/lwip.a(dns.o)
 .bss.dns_table
                0x000000003fff183c       0x98 ./build/lwip.a(dns.o)
 .bss.dns_seqno
                0x000000003fff18d4        0x1 ./build/lwip.a(dns.o)
 *fill*         0x000000003fff18d5        0x3 
 .bss.dns_pcb   0x000000003fff18d8        0x4 ./build/lwip.a(dns.o)
 .bss.raw_pcbs  0x000000003fff18dc        0x4 ./build/lwip.a(raw.o)
 .bss.netif_num
                0x000000003fff18e0        0x1 ./build/lwip.a(netif.o)
 *fill*         0x000000003fff18e1        0x3 
 .bss.tcpip_tcp_timer_active
                0x000000003fff18e4        0x4 ./build/lwip.a(timers.o)
 .bss.next_timeout
                0x000000003fff18e8        0x4 ./build/lwip.a(timers.o)
 .bss.ip_id     0x000000003fff18ec        0x2 ./build/lwip.a(ip.o)
 .bss.etharp_cached_entry
                0x000000003fff18ee        0x1 ./build/lwip.a(etharp.o)
 *fill*         0x000000003fff18ef        0x1 
 .bss.arp_table
                0x000000003fff18f0       0xc8 ./build/lwip.a(etharp.o)
 .bss.recv_data
                0x000000003fff19b8        0x4 ./build/lwip.a(tcp_in.o)
 .bss.recv_flags
                0x000000003fff19bc        0x1 ./build/lwip.a(tcp_in.o)
 *fill*         0x000000003fff19bd        0x1 
 .bss.tcplen    0x000000003fff19be        0x2 ./build/lwip.a(tcp_in.o)
 .bss.flags     0x000000003fff19c0        0x1 ./build/lwip.a(tcp_in.o)
 *fill*         0x000000003fff19c1        0x3 
 .bss.ackno     0x000000003fff19c4        0x4 ./build/lwip.a(tcp_in.o)
 .bss.seqno     0x000000003fff19c8        0x4 ./build/lwip.a(tcp_in.o)
 .bss.iphdr     0x000000003fff19cc        0x4 ./build/lwip.a(tcp_in.o)
 .bss.tcphdr    0x000000003fff19d0        0x4 ./build/lwip.a(tcp_in.o)
 .bss.inseg     0x000000003fff19d4       0x10 ./build/lwip.a(tcp_in.o)
 .bss.heap_end$2135
                0x000000003fff19e4        0x4 ./build/core.a(newlib_syscalls.o)
 .bss.newlib_uart_port
                0x000000003fff19e8        0x4 ./build/core.a(newlib_syscalls.o)
                0x000000003fff19e8                newlib_uart_port
 *(.gnu.linkonce.b.*)
 *(COMMON)
 COMMON         0x000000003fff19ec       0x41 ./build/core.a(esp_interrupts.o)
                0x000000003fff19ec                isr
                0x000000003fff1a2c                esp_in_isr
 *fill*         0x000000003fff1a2d        0x3 
 COMMON         0x000000003fff1a30       0x2d ./build/core.a(app_main.o)
                0x000000003fff1a30                sdk_info
                0x000000003fff1a54                sdk_xWatchDogTaskHandle
                0x000000003fff1a58                sdk_xUserTaskHandle
                0x000000003fff1a5c                sdk_user_init_flag
 *fill*         0x000000003fff1a5d        0x3 
 COMMON         0x000000003fff1a60       0x2c ./build/open_esplibs_libmain.a(user_interface.o)
                0x000000003fff1a60                sdk_cpu_overclock
                0x000000003fff1a64                sdk_rst_if
                0x000000003fff1a84                sdk_promiscuous_cb
                0x000000003fff1a88                user_ip_addr
 COMMON         0x000000003fff1a8c        0x4 ./build/open_esplibs_libmain.a(misc.o)
                0x000000003fff1a8c                sdk__putc1
 COMMON         0x000000003fff1a90       0x59 ./build/program.a(esp_glue.o)
                0x000000003fff1a90                g_settings
                0x000000003fff1ae0                _displaySize
                0x000000003fff1ae4                ownerOfClock
                0x000000003fff1ae8                g_brightness
 *fill*         0x000000003fff1ae9        0x3 
 COMMON         0x000000003fff1aec      0x3f7 ./build/program.a(AddressableLedStrip.o)
                0x000000003fff1aec                _nextFrame
                0x000000003fff1ce8                _currFrame
 *fill*         0x000000003fff1ee3        0x1 
 COMMON         0x000000003fff1ee4        0xc ./build/freertos.a(port.o)
                0x000000003fff1ee4                level1_int_disabled
                0x000000003fff1ee8                cpu_sr
                0x000000003fff1eec                xPortSupervisorStackPointer
 COMMON         0x000000003fff1ef0       0xba ./build/lwip.a(stats.o)
                0x000000003fff1ef0                lwip_stats
 *fill*         0x000000003fff1faa        0x2 
 COMMON         0x000000003fff1fac       0x1c ./build/lwip.a(tcp.o)
                0x000000003fff1fac                tcp_active_pcbs_changed
                0x000000003fff1fb0                tcp_active_pcbs
                0x000000003fff1fb4                tcp_ticks
                0x000000003fff1fb8                tcp_listen_pcbs
                0x000000003fff1fbc                tcp_tmp_pcb
                0x000000003fff1fc0                tcp_bound_pcbs
                0x000000003fff1fc4                tcp_tw_pcbs
 COMMON         0x000000003fff1fc8       0x34 ./build/lwip.a(dhcp.o)
                0x000000003fff1fc8                dhcp_rx_options_given
                0x000000003fff1fd4                dhcp_rx_options_val
 COMMON         0x000000003fff1ffc        0x8 ./build/lwip.a(netif.o)
                0x000000003fff1ffc                netif_list
                0x000000003fff2000                netif_default
 COMMON         0x000000003fff2004        0x4 ./build/lwip.a(udp.o)
                0x000000003fff2004                udp_pcbs
 COMMON         0x000000003fff2008       0x10 ./build/lwip.a(ip.o)
                0x000000003fff2008                current_iphdr_src
                0x000000003fff200c                current_netif
                0x000000003fff2010                current_iphdr_dest
                0x000000003fff2014                current_header
 COMMON         0x000000003fff2018        0x4 ./build/lwip.a(tcp_in.o)
                0x000000003fff2018                tcp_input_pcb
                0x000000003fff2020                . = ALIGN (0x8)
 *fill*         0x000000003fff201c        0x4 
                0x000000003fff2020                _bss_end = ABSOLUTE (.)
                0x000000003fff2020                _heap_start = ABSOLUTE (.)

.irom0.text     0x0000000040202010    0x40ef8
                0x0000000040202010                _irom0_text_start = ABSOLUTE (.)
 *(.literal .text .literal.* .text.* .rodata .rodata.*)
 .text.dump_flash_sector
                0x0000000040202010       0xb0 ./build/core.a(app_main.o)
                                         0xbc (size before relaxing)
 .text.dump_flash_config_sectors
                0x00000000402020c0       0x65 ./build/core.a(app_main.o)
                                         0xa5 (size before relaxing)
 *fill*         0x0000000040202125        0x3 
 .text.sdk_user_init_task
                0x0000000040202128       0xdb ./build/core.a(app_main.o)
                                        0x143 (size before relaxing)
                0x0000000040202150                sdk_user_init_task
 *fill*         0x0000000040202203        0x1 
 .text.sdk_wdt_init
                0x0000000040202204       0x77 ./build/core.a(app_main.o)
                                         0x7b (size before relaxing)
                0x000000004020220c                sdk_wdt_init
 *fill*         0x000000004020227b        0x1 
 .text.user_start_phase2
                0x000000004020227c      0x372 ./build/core.a(app_main.o)
                                        0x442 (size before relaxing)
 *fill*         0x00000000402025ee        0x2 
 .text._find_entry
                0x00000000402025f0      0x11b ./build/core.a(sysparam.o)
                                        0x11f (size before relaxing)
 *fill*         0x000000004020270b        0x1 
 .text._format_region
                0x000000004020270c       0x51 ./build/core.a(sysparam.o)
                                         0x55 (size before relaxing)
 *fill*         0x000000004020275d        0x3 
 .text._find_key
                0x0000000040202760       0x71 ./build/core.a(sysparam.o)
                                         0x79 (size before relaxing)
 *fill*         0x00000000402027d1        0x3 
 .text.sysparam_init
                0x00000000402027d4      0x1cc ./build/core.a(sysparam.o)
                                        0x1fc (size before relaxing)
                0x00000000402027e4                sysparam_init
 .text.sysparam_create_area
                0x00000000402029a0      0x196 ./build/core.a(sysparam.o)
                                        0x1da (size before relaxing)
                0x00000000402029a0                sysparam_create_area
 *fill*         0x0000000040202b36        0x2 
 .text.sysparam_iter_start
                0x0000000040202b38       0x79 ./build/core.a(sysparam.o)
                                         0x89 (size before relaxing)
                0x0000000040202b38                sysparam_iter_start
 *fill*         0x0000000040202bb1        0x3 
 .text.sysparam_iter_next
                0x0000000040202bb4      0x103 ./build/core.a(sysparam.o)
                                        0x127 (size before relaxing)
                0x0000000040202bb4                sysparam_iter_next
 *fill*         0x0000000040202cb7        0x1 
 .text.sysparam_iter_end
                0x0000000040202cb8       0x27 ./build/core.a(sysparam.o)
                                         0x2f (size before relaxing)
                0x0000000040202cb8                sysparam_iter_end
 *fill*         0x0000000040202cdf        0x1 
 .text._compact_params
                0x0000000040202ce0      0x324 ./build/core.a(sysparam.o)
                                        0x3a8 (size before relaxing)
 .text.sysparam_set_data
                0x0000000040203004      0x533 ./build/core.a(sysparam.o)
                                        0x5db (size before relaxing)
                0x0000000040203010                sysparam_set_data
 *fill*         0x0000000040203537        0x1 
 .text.sysparam_set_string
                0x0000000040203538       0x27 ./build/core.a(sysparam.o)
                                         0x33 (size before relaxing)
                0x0000000040203538                sysparam_set_string
 *fill*         0x000000004020355f        0x1 
 .text.get_sdk_default_phy_info
                0x0000000040203560       0x1c ./build/core.a(phy_info.o)
                                         0x20 (size before relaxing)
                0x0000000040203564                get_default_phy_info
                0x0000000040203564                get_sdk_default_phy_info
 .text.read_saved_phy_info
                0x000000004020357c       0x24 ./build/core.a(phy_info.o)
                                         0x2c (size before relaxing)
                0x000000004020357c                read_saved_phy_info
 .text.hwrand   0x00000000402035a0       0x12 ./build/core.a(esp_hwrand.o)
                0x00000000402035a4                hwrand
 *fill*         0x00000000402035b2        0x2 
 .text.dump_excinfo
                0x00000000402035b4       0xf7 ./build/core.a(debug_dumps.o)
                                        0x11b (size before relaxing)
 *fill*         0x00000000402036ab        0x1 
 .text.post_crash_reset
                0x00000000402036ac       0x30 ./build/core.a(debug_dumps.o)
                                         0x38 (size before relaxing)
 .text.second_fatal_exception_handler_inner
                0x00000000402036dc       0x15 ./build/core.a(debug_dumps.o)
                                         0x2b (size before relaxing)
 *fill*         0x00000000402036f1        0x3 
 .text.dump_stack
                0x00000000402036f4       0x7d ./build/core.a(debug_dumps.o)
                                         0x85 (size before relaxing)
                0x0000000040203704                dump_stack
 *fill*         0x0000000040203771        0x3 
 .text.dump_registers_in_exception_handler
                0x0000000040203774       0xac ./build/core.a(debug_dumps.o)
                                         0xc8 (size before relaxing)
                0x0000000040203788                dump_registers_in_exception_handler
 .text.dump_heapinfo
                0x0000000040203820       0x80 ./build/core.a(debug_dumps.o)
                                         0x9c (size before relaxing)
                0x0000000040203834                dump_heapinfo
 .text.standard_fatal_exception_handler_inner
                0x00000000402038a0       0x37 ./build/core.a(debug_dumps.o)
                                         0x58 (size before relaxing)
 *fill*         0x00000000402038d7        0x1 
 .text.abort_handler_inner
                0x00000000402038d8       0x26 ./build/core.a(debug_dumps.o)
                                         0x3e (size before relaxing)
 *fill*         0x00000000402038fe        0x2 
 .text._check_boot_version
                0x0000000040203900       0x36 ./build/open_esplibs_libmain.a(user_interface.o)
                                         0x3e (size before relaxing)
 *fill*         0x0000000040203936        0x2 
 .text.sdk_system_pp_recycle_rx_pkt
                0x0000000040203938        0xf ./build/open_esplibs_libmain.a(user_interface.o)
                                         0x17 (size before relaxing)
                0x0000000040203938                sdk_system_pp_recycle_rx_pkt
 *fill*         0x0000000040203947        0x1 
 .text.sdk_system_adc_read
                0x0000000040203948       0x17 ./build/open_esplibs_libmain.a(user_interface.o)
                                         0x1b (size before relaxing)
                0x0000000040203948                sdk_system_adc_read
 *fill*         0x000000004020395f        0x1 
 .text.sdk_system_restart
                0x0000000040203960       0x4f ./build/open_esplibs_libmain.a(user_interface.o)
                                         0x7b (size before relaxing)
                0x0000000040203968                sdk_system_restart
 *fill*         0x00000000402039af        0x1 
 .text.sdk_system_get_boot_version
                0x00000000402039b0        0xe ./build/open_esplibs_libmain.a(user_interface.o)
                                         0x12 (size before relaxing)
                0x00000000402039b0                sdk_system_get_boot_version
 *fill*         0x00000000402039be        0x2 
 .text.sdk_system_get_test_result
                0x00000000402039c0       0x22 ./build/open_esplibs_libmain.a(user_interface.o)
                                         0x2e (size before relaxing)
                0x00000000402039c0                sdk_system_get_test_result
 *fill*         0x00000000402039e2        0x2 
 .text.sdk_system_upgrade_userbin_check
                0x00000000402039e4       0x40 ./build/open_esplibs_libmain.a(user_interface.o)
                                         0x44 (size before relaxing)
                0x00000000402039e4                sdk_system_upgrade_userbin_check
 .text.sdk_system_get_userbin_addr
                0x0000000040203a24       0x8e ./build/open_esplibs_libmain.a(user_interface.o)
                                         0x9e (size before relaxing)
                0x0000000040203a2c                sdk_system_get_userbin_addr
 *fill*         0x0000000040203ab2        0x2 
 .text.sdk_system_update_cpu_freq
                0x0000000040203ab4       0x5d ./build/open_esplibs_libmain.a(user_interface.o)
                                         0x69 (size before relaxing)
                0x0000000040203ab4                sdk_system_update_cpu_freq
 *fill*         0x0000000040203b11        0x3 
 .text.sdk_system_get_cpu_freq
                0x0000000040203b14       0x1a ./build/open_esplibs_libmain.a(user_interface.o)
                0x0000000040203b18                sdk_system_get_cpu_freq
 *fill*         0x0000000040203b2e        0x2 
 .text.sdk_system_overclock
                0x0000000040203b30       0x31 ./build/open_esplibs_libmain.a(user_interface.o)
                                         0x3d (size before relaxing)
                0x0000000040203b34                sdk_system_overclock
 *fill*         0x0000000040203b61        0x3 
 .text.sdk_system_restoreclock
                0x0000000040203b64       0x33 ./build/open_esplibs_libmain.a(user_interface.o)
                                         0x43 (size before relaxing)
                0x0000000040203b64                sdk_system_restoreclock
 *fill*         0x0000000040203b97        0x1 
 .text.sdk_system_station_got_ip_set
                0x0000000040203b98       0xb4 ./build/open_esplibs_libmain.a(user_interface.o)
                                         0xd0 (size before relaxing)
                0x0000000040203ba4                sdk_system_station_got_ip_set
 .text.sdk_system_get_chip_id
                0x0000000040203c4c       0x2a ./build/open_esplibs_libmain.a(user_interface.o)
                                         0x32 (size before relaxing)
                0x0000000040203c50                sdk_system_get_chip_id
 *fill*         0x0000000040203c76        0x2 
 .text.sdk_system_rtc_clock_cali_proc
                0x0000000040203c78        0xf ./build/open_esplibs_libmain.a(user_interface.o)
                                         0x17 (size before relaxing)
                0x0000000040203c78                sdk_system_rtc_clock_cali_proc
 *fill*         0x0000000040203c87        0x1 
 .text.sdk_os_update_cpu_frequency
                0x0000000040203c88        0xb ./build/open_esplibs_libmain.a(misc.o)
                0x0000000040203c8c                sdk_os_update_cpu_frequency
                0x0000000040203c8c                sdk_ets_update_cpu_frequency
 *fill*         0x0000000040203c93        0x1 
 .text.sdk_os_delay_us
                0x0000000040203c94       0x33 ./build/open_esplibs_libmain.a(misc.o)
                                         0x3f (size before relaxing)
                0x0000000040203c94                sdk_os_delay_us
                0x0000000040203c94                sdk_ets_delay_us
 *fill*         0x0000000040203cc7        0x1 
 .text.sdk_os_install_putc1
                0x0000000040203cc8        0xb ./build/open_esplibs_libmain.a(misc.o)
                0x0000000040203ccc                sdk_os_install_putc1
 *fill*         0x0000000040203cd3        0x1 
 .text.sdk_gpio_output_set
                0x0000000040203cd4       0x1d ./build/open_esplibs_libmain.a(misc.o)
                0x0000000040203cd8                sdk_gpio_output_set
 *fill*         0x0000000040203cf1        0x3 
 .text.sdk_rtc_get_reset_reason
                0x0000000040203cf4       0x4a ./build/open_esplibs_libmain.a(misc.o)
                0x0000000040203cfc                sdk_rtc_get_reset_reason
 *fill*         0x0000000040203d3e        0x2 
 .text.timer_tramp
                0x0000000040203d40       0x17 ./build/open_esplibs_libmain.a(timers.o)
                                         0x1f (size before relaxing)
 *fill*         0x0000000040203d57        0x1 
 .text.sdk_os_timer_setfn
                0x0000000040203d58       0xac ./build/open_esplibs_libmain.a(timers.o)
                                         0xb8 (size before relaxing)
                0x0000000040203d68                sdk_os_timer_setfn
 .text.sdk_os_timer_arm
                0x0000000040203e04       0xa8 ./build/open_esplibs_libmain.a(timers.o)
                                         0xd4 (size before relaxing)
                0x0000000040203e0c                sdk_os_timer_arm
 .text.sdk_os_timer_disarm
                0x0000000040203eac       0x27 ./build/open_esplibs_libmain.a(timers.o)
                                         0x37 (size before relaxing)
                0x0000000040203eb0                sdk_os_timer_disarm
 *fill*         0x0000000040203ed3        0x1 
 .literal       0x0000000040203ed4        0x8 /home/robert/proj/wc/esp-open-sdk/xtensa-lx106-elf/bin/../lib/gcc/xtensa-lx106-elf/4.8.5/libgcc.a(_divsf3.o)
                                         0x10 (size before relaxing)
 .literal       0x0000000040203edc        0xc /home/robert/proj/wc/esp-open-sdk/xtensa-lx106-elf/bin/../lib/gcc/xtensa-lx106-elf/4.8.5/libgcc.a(_muldf3.o)
                                         0x10 (size before relaxing)
 .literal       0x0000000040203ee8        0x4 /home/robert/proj/wc/esp-open-sdk/xtensa-lx106-elf/bin/../lib/gcc/xtensa-lx106-elf/4.8.5/libgcc.a(_extendsfdf2.o)
                                          0x8 (size before relaxing)
 .literal       0x0000000040203eec        0xc ../esp-open-rtos/libc/xtensa-lx106-elf/lib/libc.a(lib_a-mstats.o)
                                         0x2c (size before relaxing)
 .literal       0x0000000040203ef8       0x18 ../esp-open-rtos/libc/xtensa-lx106-elf/lib/libc.a(lib_a-nano-mallinfor.o)
                                         0x1c (size before relaxing)
 .literal       0x0000000040203f10        0xc ../esp-open-rtos/libc/xtensa-lx106-elf/lib/libc.a(lib_a-nano-mallstatsr.o)
                                         0x24 (size before relaxing)
 .literal       0x0000000040203f1c       0x24 ../esp-open-rtos/libc/xtensa-lx106-elf/lib/libc.a(lib_a-nano-vfprintf_float.o)
                                         0x5c (size before relaxing)
 .literal       0x0000000040203f40        0x8 ../esp-open-rtos/libc/xtensa-lx106-elf/lib/libc.a(lib_a-nano-vfprintf_i.o)
                                         0x14 (size before relaxing)
 .literal       0x0000000040203f48        0x8 ../esp-open-rtos/libc/xtensa-lx106-elf/lib/libc.a(lib_a-nano-vfscanf_float.o)
                                         0x1c (size before relaxing)
 .literal       0x0000000040203f50        0x0 ../esp-open-rtos/libc/xtensa-lx106-elf/lib/libc.a(lib_a-putchar.o)
                                         0x14 (size before relaxing)
 .literal       0x0000000040203f50       0x14 ../esp-open-rtos/libc/xtensa-lx106-elf/lib/libc.a(lib_a-putc.o)
                                         0x20 (size before relaxing)
 .literal       0x0000000040203f64        0xc ../esp-open-rtos/libc/xtensa-lx106-elf/lib/libc.a(lib_a-puts.o)
                                         0x24 (size before relaxing)
 .literal       0x0000000040203f70        0x0 ../esp-open-rtos/libc/xtensa-lx106-elf/lib/libc.a(lib_a-realloc.o)
                                          0x8 (size before relaxing)
 .literal       0x0000000040203f70        0x0 ../esp-open-rtos/libc/xtensa-lx106-elf/lib/libc.a(lib_a-setbuf.o)
                                          0x4 (size before relaxing)
 .literal       0x0000000040203f70        0x8 ../esp-open-rtos/libc/xtensa-lx106-elf/lib/libc.a(lib_a-setvbuf.o)
                                         0x30 (size before relaxing)
 .literal       0x0000000040203f78        0x4 ../esp-open-rtos/libc/xtensa-lx106-elf/lib/libc.a(lib_a-sf_nan.o)
 .literal       0x0000000040203f7c       0x14 ../esp-open-rtos/libc/xtensa-lx106-elf/lib/libc.a(lib_a-s_fpclassify.o)
                                         0x18 (size before relaxing)
 .literal       0x0000000040203f90       0x14 ../esp-open-rtos/libc/xtensa-lx106-elf/lib/libc.a(lib_a-strcmp.o)
                                         0x20 (size before relaxing)
 .literal       0x0000000040203fa4        0x0 ../esp-open-rtos/libc/xtensa-lx106-elf/lib/libc.a(lib_a-strlen.o)
                                          0xc (size before relaxing)
 .literal       0x0000000040203fa4       0x84 ../esp-open-rtos/libc/xtensa-lx106-elf/lib/libc.a(lib_a-strtod.o)
                                        0x1f8 (size before relaxing)
 .literal.unlikely
                0x0000000040204028        0x0 ../esp-open-rtos/libc/xtensa-lx106-elf/lib/libc.a(lib_a-strtod.o)
                                          0xc (size before relaxing)
 .literal       0x0000000040204028        0x4 ../esp-open-rtos/libc/xtensa-lx106-elf/lib/libc.a(lib_a-strtol.o)
                                         0x18 (size before relaxing)
 .literal       0x000000004020402c        0x0 ../esp-open-rtos/libc/xtensa-lx106-elf/lib/libc.a(lib_a-syssbrk.o)
                                          0x8 (size before relaxing)
 .literal       0x000000004020402c        0x0 ../esp-open-rtos/libc/xtensa-lx106-elf/lib/libc.a(lib_a-wbuf.o)
                                         0x28 (size before relaxing)
 .literal       0x000000004020402c        0x0 ../esp-open-rtos/libc/xtensa-lx106-elf/lib/libc.a(lib_a-wsetup.o)
                                         0x1c (size before relaxing)
 .literal       0x000000004020402c       0x44 ../esp-open-rtos/libc/xtensa-lx106-elf/lib/libc.a(lib_a-dtoa.o)
                                        0x214 (size before relaxing)
 .literal       0x0000000040204070       0x10 ../esp-open-rtos/libc/xtensa-lx106-elf/lib/libc.a(lib_a-fflush.o)
                                         0x38 (size before relaxing)
 .literal       0x0000000040204080        0xc ../esp-open-rtos/libc/xtensa-lx106-elf/lib/libc.a(lib_a-fvwrite.o)
                                         0x40 (size before relaxing)
 .literal       0x000000004020408c        0x0 ../esp-open-rtos/libc/xtensa-lx106-elf/lib/libc.a(lib_a-gdtoa-gethex.o)
                                         0x48 (size before relaxing)
 .literal       0x000000004020408c        0x0 ../esp-open-rtos/libc/xtensa-lx106-elf/lib/libc.a(lib_a-gdtoa-hexnan.o)
                                          0x4 (size before relaxing)
 .literal       0x000000004020408c       0x1c ../esp-open-rtos/libc/xtensa-lx106-elf/lib/libc.a(lib_a-locale.o)
                                         0x30 (size before relaxing)
 .literal       0x00000000402040a8        0xc ../esp-open-rtos/libc/xtensa-lx106-elf/lib/libc.a(lib_a-makebuf.o)
                                         0x20 (size before relaxing)
 .literal       0x00000000402040b4       0x18 ../esp-open-rtos/libc/xtensa-lx106-elf/lib/libc.a(lib_a-mprec.o)
                                         0x74 (size before relaxing)
 .literal       0x00000000402040cc        0x0 ../esp-open-rtos/libc/xtensa-lx106-elf/lib/libc.a(lib_a-nano-callocr.o)
                                          0x8 (size before relaxing)
 .literal       0x00000000402040cc        0x0 ../esp-open-rtos/libc/xtensa-lx106-elf/lib/libc.a(lib_a-nano-reallocr.o)
                                         0x18 (size before relaxing)
 .literal       0x00000000402040cc        0x4 ../esp-open-rtos/libc/xtensa-lx106-elf/lib/libc.a(lib_a-stdio.o)
                                         0x24 (size before relaxing)
 .literal       0x00000000402040d0        0x0 ../esp-open-rtos/libc/xtensa-lx106-elf/lib/libc.a(isatty.o)
                                          0x8 (size before relaxing)
 .literal       0x00000000402040d0        0xc ../esp-open-rtos/libc/xtensa-lx106-elf/lib/libc.a(lib_a-fclose.o)
                                         0x3c (size before relaxing)
 .literal       0x00000000402040dc        0x4 ../esp-open-rtos/libc/xtensa-lx106-elf/lib/libc.a(lib_a-wcrtomb.o)
                                         0x10 (size before relaxing)
 .literal       0x00000000402040e0        0x0 ../esp-open-rtos/libc/xtensa-lx106-elf/lib/libc.a(lib_a-wctomb_r.o)
                                          0x8 (size before relaxing)
 .literal       0x00000000402040e0        0x0 /home/robert/proj/wc/esp-open-sdk/xtensa-lx106-elf/bin/../lib/gcc/xtensa-lx106-elf/4.8.5/libgcc.a(_addsubsf3.o)
                                          0xc (size before relaxing)
 .literal       0x00000000402040e0        0x0 /home/robert/proj/wc/esp-open-sdk/xtensa-lx106-elf/bin/../lib/gcc/xtensa-lx106-elf/4.8.5/libgcc.a(_mulsf3.o)
                                         0x10 (size before relaxing)
 .literal       0x00000000402040e0        0x0 /home/robert/proj/wc/esp-open-sdk/xtensa-lx106-elf/bin/../lib/gcc/xtensa-lx106-elf/4.8.5/libgcc.a(_fixsfsi.o)
                                          0x4 (size before relaxing)
 .literal       0x00000000402040e0        0x0 /home/robert/proj/wc/esp-open-sdk/xtensa-lx106-elf/bin/../lib/gcc/xtensa-lx106-elf/4.8.5/libgcc.a(_fixunssfsi.o)
                                          0x4 (size before relaxing)
 .literal       0x00000000402040e0        0x0 /home/robert/proj/wc/esp-open-sdk/xtensa-lx106-elf/bin/../lib/gcc/xtensa-lx106-elf/4.8.5/libgcc.a(_addsubdf3.o)
                                          0xc (size before relaxing)
 .literal       0x00000000402040e0        0x0 /home/robert/proj/wc/esp-open-sdk/xtensa-lx106-elf/bin/../lib/gcc/xtensa-lx106-elf/4.8.5/libgcc.a(_divdf3.o)
                                         0x10 (size before relaxing)
 .literal       0x00000000402040e0        0x0 /home/robert/proj/wc/esp-open-sdk/xtensa-lx106-elf/bin/../lib/gcc/xtensa-lx106-elf/4.8.5/libgcc.a(_cmpdf2.o)
                                         0x18 (size before relaxing)
 .literal       0x00000000402040e0        0x0 /home/robert/proj/wc/esp-open-sdk/xtensa-lx106-elf/bin/../lib/gcc/xtensa-lx106-elf/4.8.5/libgcc.a(_fixdfsi.o)
                                          0x4 (size before relaxing)
 .literal       0x00000000402040e0        0x0 /home/robert/proj/wc/esp-open-sdk/xtensa-lx106-elf/bin/../lib/gcc/xtensa-lx106-elf/4.8.5/libgcc.a(_fixunsdfsi.o)
                                          0x4 (size before relaxing)
 .literal       0x00000000402040e0        0x0 /home/robert/proj/wc/esp-open-sdk/xtensa-lx106-elf/bin/../lib/gcc/xtensa-lx106-elf/4.8.5/libgcc.a(_truncdfsf2.o)
                                          0x8 (size before relaxing)
 .literal       0x00000000402040e0        0x4 /home/robert/proj/wc/esp-open-sdk/xtensa-lx106-elf/bin/../lib/gcc/xtensa-lx106-elf/4.8.5/libgcc.a(_popcountsi2.o)
 .literal       0x00000000402040e4        0x0 ../esp-open-rtos/libc/xtensa-lx106-elf/lib/libc.a(lib_a-atoi.o)
                                          0x8 (size before relaxing)
 .literal       0x00000000402040e4        0x0 ../esp-open-rtos/libc/xtensa-lx106-elf/lib/libc.a(lib_a-calloc.o)
                                          0x8 (size before relaxing)
 .literal       0x00000000402040e4        0x0 ../esp-open-rtos/libc/xtensa-lx106-elf/lib/libc.a(lib_a-errno.o)
                                          0x4 (size before relaxing)
 .literal       0x00000000402040e4        0x0 ../esp-open-rtos/libc/xtensa-lx106-elf/lib/libc.a(lib_a-lcltime.o)
                                          0xc (size before relaxing)